Command: /Users/jansampolramirez/.espressif/python_env/idf5.5_py3.14_env/bin/python /Users/jansampolramirez/esp/esp-idf-v5.5/tools/idf_monitor.py -p /dev/cu.usbserial-140 -b 115200 --toolchain-prefix riscv32-esp-elf- --target esp32c6 --revision 0 --decode-panic backtrace /Users/jansampolramirez/mamri_build/Mamri_v6_PlatformIO/build/esp32c6_microros_test.elf /Users/jansampolramirez/mamri_build/Mamri_v6_PlatformIO/build/bootloader/bootloader.elf -m '/Users/jansampolramirez/.espressif/python_env/idf5.5_py3.14_env/bin/python' '/Users/jansampolramirez/esp/esp-idf-v5.5/tools/idf.py' '-p' '/dev/cu.usbserial-140'
a5 0xa5a5a5a5 0xa5a5a5a5
4082c5b0: 0xa5a5a5a5 0xa5a5a5a5 0xa5a5a5a5 0xa5a5a5a5 0xa5a5a5a5 0xa5a5a5a5 0xa5a5a5a5 0xa5a5a5a5
408a5a5 0xa5a5a5a5
4082c5f0: 0xa5a5a5a5 0xa5a5a5a5 0x�ESP-ROM:esp32c6-20220919
Build:Sep 19 2022
rst:0x1 (POWERON),boot:0x6c (SPI_FAST_FLASH_BOOT)
SPIWP:0xee
mode:DIO, clock div:2
load:0x40875730,len:0x1744
load:0x4086b910,len:0xfa8
load:0x4086e610,len:0x31a8
entry 0x4086b91a
[0;32mI (23) boot: ESP-IDF v5.5 2nd stage bootloader[0m
[0;32mI (24) boot: compile time Apr  5 2026 11:04:44[0m
[0;32mI (24) boot: chip revision: v0.2[0m
[0;32mI (24) boot: efuse block revision: v0.3[0m
[0;32mI (27) boot.esp32c6: SPI Speed      : 80MHz[0m
[0;32mI (31) boot.esp32c6: SPI Mode       : DIO[0m
[0;32mI (35) boot.esp32c6: SPI Flash Size : 4MB[0m
[0;32mI (38) boot: Enabling RNG early entropy source...[0m
[0;32mI (43) boot: Partition Table:[0m
[0;32mI (45) boot: ## Label            Usage          Type ST Offset   Length[0m
[0;32mI (52) boot:  0 nvs              WiFi data        01 02 00009000 00006000[0m
[0;32mI (58) boot:  1 phy_init         RF data          01 01 0000f000 00001000[0m
[0;32mI (65) boot:  2 factory          factory app      00 00 00010000 00200000[0m
[0;32mI (71) boot:  3 coredump         Unknown data     01 03 00210000 00010000[0m
[0;32mI (78) boot:  4 littlefs         Unknown data     01 82 00220000 0007d000[0m
[0;32mI (84) boot: End of partition table[0m
[0;32mI (88) esp_image: segment 0: paddr=00010020 vaddr=42100020 size=2a854h (174164) map[0m
[0;32mI (128) esp_image: segment 1: paddr=0003a87c vaddr=40800000 size=0579ch ( 22428) load[0m
[0;32mI (133) esp_image: segment 2: paddr=00040020 vaddr=42000020 size=f74d0h (1012944) map[0m
[0;32mI (324) esp_image: segment 3: paddr=001374f8 vaddr=4080579c size=1b3dch (111580) load[0m
[0;32mI (355) boot: Loaded app from partition at offset 0x10000[0m
[0;32mI (356) boot: Disabling RNG early entropy source...[0m
[0;32mI (366) cpu_start: Unicore app[0m
[0;32mI (374) cpu_start: Pro cpu start user code[0m
[0;32mI (374) cpu_start: cpu freq: 160000000 Hz[0m
[0;32mI (375) app_init: Application information:[0m
[0;32mI (375) app_init: Project name:     esp32c6_microros_test[0m
[0;32mI (379) app_init: App version:      69ba50f-dirty[0m
[0;32mI (384) app_init: Compile time:     Apr 13 2026 13:22:00[0m
[0;32mI (389) app_init: ELF file SHA256:  f2fed574f...[0m
[0;32mI (393) app_init: ESP-IDF:          v5.5[0m
[0;32mI (397) efuse_init: Min chip rev:     v0.0[0m
[0;32mI (401) efuse_init: Max chip rev:     v0.99 [0m
[0;32mI (405) efuse_init: Chip rev:         v0.2[0m
[0;32mI (409) heap_init: Initializing. RAM available for dynamic allocation:[0m
[0;32mI (415) heap_init: At 4082B4E0 len 00051130 (324 KiB): RAM[0m
[0;32mI (420) heap_init: At 4087C610 len 00002F54 (11 KiB): RAM[0m
[0;32mI (425) heap_init: At 50000000 len 00003FE8 (15 KiB): RTCRAM[0m
[0;32mI (431) spi_flash: detected chip: generic[0m
[0;32mI (434) spi_flash: flash io: dio[0m
[0;33mW (437) spi_flash: Detected size(8192k) larger than the size in the binary image header(4096k). Using the size in the binary image header.[0m
[0;32mI (451) sleep_gpio: Configure to isolate all GPIO pins in sleep state[0m
[0;32mI (456) sleep_gpio: Enable automatic switching of GPIO sleep configuration[0m
[0;32mI (462) coexist: coex firmware version: 831ec70[0m
[0;32mI (481) coexist: coexist rom version 5b8dcfa[0m
[0;32mI (481) main_task: Started on CPU0[0m
[0;32mI (481) main_task: Calling app_main()[0m
Guru Meditation Error: Core  0 panic'ed (Stack protection fault). 

Detected in task "main" at 0x4200bae4
Stack pointer: 0x4082c2f0
Stack bounds: 0x4082d5c0 - 0x4082e5b0


Core  0 register dump:
MEPC    : 0x4200bae6  RA      : 0x420f6b24  SP      : 0x4082c2f0  GP      : 0x4081cba4  
TP      : 0x4082e5b0  T0      : 0xffffe000  T1      : 0x40000000  T2      : 0xffffffff  
S0/FP   : 0x42102000  S1      : 0x00000003  A0      : 0x00000026  A1      : 0x4082e198  
A2      : 0x00000000  A3      : 0x00000001  A4      : 0x00000000  A5      : 0x00000000  
A6      : 0x00000001  A7      : 0x0000000a  S2      : 0x00000000  S3      : 0x00000000  
S4      : 0x00000000  S5      : 0x00000000  S6      : 0x00000000  S7      : 0x00000000  
S8      : 0x00000000  S9      : 0x00000000  S10     : 0x00000000  S11     : 0x00000000  
T3      : 0x00000000  T4      : 0x00000000  T5      : 0x00000000  T6      : 0x00000000  
MSTATUS : 0x00001881  MTVEC   : 0x40800001  MCAUSE  : 0x0000001b  MTVAL   : 0x42103537  
MHARTID : 0x00000000  

add symbol table from file "/Users/jansampolramirez/mamri_build/Mamri_v6_PlatformIO/build/bootloader/bootloader.elf"
app_main () at /Users/jansampolramirez/mamri_build/Mamri_v6_PlatformIO/main/app_main.cpp:103
103	    printf("app_main started\n");
#0  app_main () at /Users/jansampolramirez/mamri_build/Mamri_v6_PlatformIO/main/app_main.cpp:103
#1  0x00000000 in ?? ()
Backtrace stopped: frame did not save the PC



ELF file SHA256: f2fed574f

Rebooting...
ESP-ROM:esp32c6-20220919
Build:Sep 19 2022
rst:0xc (SW_CPU),boot:0x6c (SPI_FAST_FLASH_BOOT)
Saved PC:0x4001975a
SPIWP:0xee
mode:DIO, clock div:2
load:0x40875730,len:0x1744
load:0x4086b910,len:0xfa8
load:0x4086e610,len:0x31a8
entry 0x4086b91a
[0;32mI (27) boot: ESP-IDF v5.5 2nd stage bootloader[0m
[0;32mI (27) boot: compile time Apr  5 2026 11:04:44[0m
[0;32mI (28) boot: chip revision: v0.2[0m
[0;32mI (29) boot: efuse block revision: v0.3[0m
[0;32mI (30) boot.esp32c6: SPI Speed      : 80MHz[0m
[0;32mI (34) boot.esp32c6: SPI Mode       : DIO[0m
[0;32mI (38) boot.esp32c6: SPI Flash Size : 4MB[0m
[0;32mI (42) boot: Enabling RNG early entropy source...[0m
[0;32mI (46) boot: Partition Table:[0m
[0;32mI (49) boot: ## Label            Usage          Type ST Offset   Length[0m
[0;32mI (55) boot:  0 nvs              WiFi data        01 02 00009000 00006000[0m
[0;32mI (62) boot:  1 phy_init         RF data          01 01 0000f000 00001000[0m
[0;32mI (68) boot:  2 factory          factory app      00 00 00010000 00200000[0m
[0;32mI (75) boot:  3 coredump         Unknown data     01 03 00210000 00010000[0m
[0;32mI (81) boot:  4 littlefs         Unknown data     01 82 00220000 0007d000[0m
I (88) boot: End of partition table
[0;32mI (91) esp_image: segment 0: paddr=00010020 vaddr=42100020 size=2a854h (174164) map[0m
[0;32mI (163) esp_image: segment 1: paddr=0003a87c vaddr=40800000 size=0579ch ( 22428) load[0m
[0;32mI (174) esp_image: segment 2: paddr=00040020 vaddr=42000020 size=f74d0h (1012944) map[0m
[0;32mI (549) esp_image: segment 3: paddr=001374f8 vaddr=4080579c size=1b3dch (111580) load[0m
[0;32mI (612) boot: Loaded app from partition at offset 0x10000[0m
[0;32mI (612) boot: Disabling RNG early entropy source...[0m
[0;32mI (622) cpu_start: Unicore app[0m
[0;32mI (631) cpu_start: Pro cpu start user code[0m
[0;32mI (631) cpu_start: cpu freq: 160000000 Hz[0m
[0;32mI (632) app_init: Application information:[0m
[0;32mI (632) app_init: Project name:     esp32c6_microros_test[0m
[0;32mI (637) app_init: App version:      69ba50f-dirty[0m
[0;32mI (641) app_init: Compile time:     Apr 13 2026 13:22:00[0m
[0;32mI (646) app_init: ELF file SHA256:  f2fed574f...[0m
[0;32mI (650) app_init: ESP-IDF:          v5.5[0m
[0;32mI (654) efuse_init: Min chip rev:     v0.0[0m
[0;32mI (658) efuse_init: Max chip rev:     v0.99 [0m
[0;32mI (662) efuse_init: Chip rev:         v0.2[0m
[0;32mI (666) heap_init: Initializing. RAM available for dynamic allocation:[0m
[0;32mI (672) heap_init: At 4082B4E0 len 00051130 (324 KiB): RAM[0m
[0;32mI (677) heap_init: At 4087C610 len 00002F54 (11 KiB): RAM[0m
[0;32mI (682) heap_init: At 50000000 len 00003FE8 (15 KiB): RTCRAM[0m
[0;32mI (688) spi_flash: detected chip: generic[0m
[0;32mI (691) spi_flash: flash io: dio[0m
[0;33mW (694) spi_flash: Detected size(8192k) larger than the size in the binary image header(4096k). Using the size in the binary image header.[0m
[0;32mI (708) sleep_gpio: Configure to isolate all GPIO pins in sleep state[0m
[0;32mI (713) sleep_gpio: Enable automatic switching of GPIO sleep configuration[0m
[0;32mI (719) coexist: coex firmware version: 831ec70[0m
[0;32mI (738) coexist: coexist rom version 5b8dcfa[0m
[0;32mI (738) main_task: Started on CPU0[0m
[0;32mI (738) main_task: Calling app_main()[0m
Guru Meditation Error: Core  0 panic'ed (Stack protection fault). 

Detected in task "main" at 0x4200bae4
Stack pointer: 0x4082c2f0
Stack bounds: 0x4082d5c0 - 0x4082e5b0


Core  0 register dump:
MEPC    : 0x4200bae6  RA      : 0x420f6b24  SP      : 0x4082c2f0  GP      : 0x4081cba4  
TP      : 0x4082e5b0  T0      : 0xffffe000  T1      : 0x70000000  T2      : 0xffffffff  
S0/FP   : 0x42102000  S1      : 0x00000003  A0      : 0x00000026  A1      : 0x4082e198  
A2      : 0x00000000  A3      : 0x00000001  A4      : 0x00000000  A5      : 0x00000000  
A6      : 0x00000001  A7      : 0x0000000a  S2      : 0x00000000  S3      : 0x00000000  
S4      : 0x00000000  S5      : 0x00000000  S6      : 0x00000000  S7      : 0x00000000  
S8      : 0x00000000  S9      : 0x00000000  S10     : 0x00000000  S11     : 0x00000000  
T3      : 0x00000000  T4      : 0x00000000  T5      : 0x00000000  T6      : 0x00000000  
MSTATUS : 0x00001881  MTVEC   : 0x40800001  MCAUSE  : 0x0000001b  MTVAL   : 0x42103537  
MHARTID : 0x00000000  

add symbol table from file "/Users/jansampolramirez/mamri_build/Mamri_v6_PlatformIO/build/bootloader/bootloader.elf"
app_main () at /Users/jansampolramirez/mamri_build/Mamri_v6_PlatformIO/main/app_main.cpp:103
103	    printf("app_main started\n");
#0  app_main () at /Users/jansampolramirez/mamri_build/Mamri_v6_PlatformIO/main/app_main.cpp:103
#1  0x00000000 in ?? ()
Backtrace stopped: frame did not save the PC



ELF file SHA256: f2fed574f

Rebooting...
ESP-ROM:esp32c6-20220919
Build:Sep 19 2022
rst:0xc (SW_CPU),boot:0x6c (SPI_FAST_FLASH_BOOT)
Saved PC:0x4001975a
SPIWP:0xee
mode:DIO, clock div:2
load:0x40875730,len:0x1744
load:0x4086b910,len:0xfa8
load:0x4086e610,len:0x31a8
entry 0x4086b91a
[0;32mI (27) boot: ESP-IDF v5.5 2nd stage bootloader[0m
[0;32mI (27) boot: compile time Apr  5 2026 11:04:44[0m
[0;32mI (28) boot: chip revision: v0.2[0m
[0;32mI (29) boot: efuse block revision: v0.3[0m
[0;32mI (30) boot.esp32c6: SPI Speed      : 80MHz[0m
[0;32mI (34) boot.esp32c6: SPI Mode       : DIO[0m
[0;32mI (38) boot.esp32c6: SPI Flash Size : 4MB[0m
[0;32mI (42) boot: Enabling RNG early entropy source...[0m
[0;32mI (46) boot: Partition Table:[0m
[0;32mI (49) boot: ## Label            Usage          Type ST Offset   Length[0m
[0;32mI (55) boot:  0 nvs              WiFi data        01 02 00009000 00006000[0m
[0;32mI (62) boot:  1 phy_init         RF data          01 01 0000f000 00001000[0m
[0;32mI (68) boot:  2 factory          factory app      00 00 00010000 00200000[0m
[0;32mI (75) boot:  3 coredump         Unknown data     01 03 00210000 00010000[0m
[0;32mI (81) boot:  4 littlefs         Unknown data     01 82 00220000 0007d000[0m
[0;32mI (88) boot: End of partition table[0m
[0;32mI (91) esp_image: segment 0: paddr=00010020 vaddr=42100020 size=2a854h (174164) map[0m
[0;32mI (163) esp_image: segment 1: paddr=0003a87c vaddr=40800000 size=0579ch ( 22428) load[0m
[0;32mI (174) esp_image: segment 2: paddr=00040020 vaddr=42000020 size=f74d0h (1012944) map[0m
[0;32mI (549) esp_image: segment 3: paddr=001374f8 vaddr=4080579c size=1b3dch (111580) load[0m
[0;32mI (612) boot: Loaded app from partition at offset 0x10000[0m
[0;32mI (612) boot: Disabling RNG early entropy source...[0m
[0;32mI (623) cpu_start: Unicore app[0m
[0;32mI (631) cpu_start: Pro cpu start user code[0m
[0;32mI (632) cpu_start: cpu freq: 160000000 Hz[0m
[0;32mI (632) app_init: Application information:[0m
[0;32mI (632) app_init: Project name:     esp32c6_microros_test[0m
[0;32mI (637) app_init: App version:      69ba50f-dirty[0m
[0;32mI (641) app_init: Compile time:     Apr 13 2026 13:22:00[0m
[0;32mI (646) app_init: ELF file SHA256:  f2fed574f...[0m
[0;32mI (650) app_init: ESP-IDF:          v5.5[0m
[0;32mI (654) efuse_init: Min chip rev:     v0.0[0m
[0;32mI (658) efuse_init: Max chip rev:     v0.99 [0m
[0;32mI (662) efuse_init: Chip rev:         v0.2[0m
[0;32mI (666) heap_init: Initializing. RAM available for dynamic allocation:[0m
[0;32mI (672) heap_init: At 4082B4E0 len 00051130 (324 KiB): RAM[0m
[0;32mI (677) heap_init: At 4087C610 len 00002F54 (11 KiB): RAM[0m
[0;32mI (682) heap_init: At 50000000 len 00003FE8 (15 KiB): RTCRAM[0m
[0;32mI (688) spi_flash: detected chip: generic[0m
[0;32mI (691) spi_flash: flash io: dio[0m
[0;33mW (694) spi_flash: Detected size(8192k) larger than the size in the binary image header(4096k). Using the size in the binary image header.[0m
[0;32mI (708) sleep_gpio: Configure to isolate all GPIO pins in sleep state[0m
[0;32mI (713) sleep_gpio: Enable automatic switching of GPIO sleep configuration[0m
[0;32mI (719) coexist: coex firmware version: 831ec70[0m
[0;32mI (738) coexist: coexist rom version 5b8dcfa[0m
[0;32mI (738) main_task: Started on CPU0[0m
[0;32mI (738) main_task: Calling app_main()[0m
Guru Meditation Error: Core  0 panic'ed (Stack protection fault). 

Detected in task "main" at 0x4200bae4
Stack pointer: 0x4082c2f0
Stack bounds: 0x4082d5c0 - 0x4082e5b0


Core  0 register dump:
MEPC    : 0x4200bae6  RA      : 0x420f6b24  SP      : 0x4082c2f0  GP      : 0x4081cba4  
TP      : 0x4082e5b0  T0      : 0xffffe000  T1      : 0x70000000  T2      : 0xffffffff  
S0/FP   : 0x42102000  S1      : 0x00000003  A0      : 0x00000026  A1      : 0x4082e198  
A2      : 0x00000000  A3      : 0x00000001  A4      : 0x00000000  A5      : 0x00000000  
A6      : 0x00000001  A7      : 0x0000000a  S2      : 0x00000000  S3      : 0x00000000  
S4      : 0x00000000  S5      : 0x00000000  S6      : 0x00000000  S7      : 0x00000000  
S8      : 0x00000000  S9      : 0x00000000  S10     : 0x00000000  S11     : 0x00000000  
T3      : 0x00000000  T4      : 0x00000000  T5      : 0x00000000  T6      : 0x00000000  
MSTATUS : 0x00001881  MTVEC   : 0x40800001  MCAUSE  : 0x0000001b  MTVAL   : 0x42103537  
MHARTID : 0x00000000  

add symbol table from file "/Users/jansampolramirez/mamri_build/Mamri_v6_PlatformIO/build/bootloader/bootloader.elf"
app_main () at /Users/jansampolramirez/mamri_build/Mamri_v6_PlatformIO/main/app_main.cpp:103
103	    printf("app_main started\n");
#0  app_main () at /Users/jansampolramirez/mamri_build/Mamri_v6_PlatformIO/main/app_main.cpp:103
#1  0x00000000 in ?? ()
Backtrace stopped: frame did not save the PC



ELF file SHA256: f2fed574f

Rebooting...
ESP-ROM:esp32c6-20220919
Build:Sep 19 2022
rst:0xc (SW_CPU),boot:0x6c (SPI_FAST_FLASH_BOOT)
Saved PC:0x4001975a
SPIWP:0xee
mode:DIO, clock div:2
load:0x40875730,len:0x1744
load:0x4086b910,len:0xfa8
load:0x4086e610,len:0x31a8
entry 0x4086b91a
[0;32mI (27) boot: ESP-IDF v5.5 2nd stage bootloader[0m
[0;32mI (27) boot: compile time Apr  5 2026 11:04:44[0m
[0;32mI (28) boot: chip revision: v0.2[0m
[0;32mI (29) boot: efuse block revision: v0.3[0m
[0;32mI (30) boot.esp32c6: SPI Speed      : 80MHz[0m
[0;32mI (34) boot.esp32c6: SPI Mode       : DIO[0m
[0;32mI (38) boot.esp32c6: SPI Flash Size : 4MB[0m
[0;32mI (42) boot: Enabling RNG early entropy source...[0m
[0;32mI (46) boot: Partition Table:[0m
[0;32mI (49) boot: ## Label            Usage          Type ST Offset   Length[0m
[0;32mI (55) boot:  0 nvs              WiFi data        01 02 00009000 00006000[0m
[0;32mI (62) boot:  1 phy_init         RF data          01 01 0000f000 00001000[0m
[0;32mI (68) boot:  2 factory          factory app      00 00 00010000 00200000[0m
[0;32mI (75) boot:  3 coredump         Unknown data     01 03 00210000 00010000[0m
[0;32mI (81) boot:  4 littlefs         Unknown data     01 82 00220000 0007d000[0m
[0;32mI (88) boot: End of partition table[0m
[0;32mI (91) esp_image: segment 0: paddr=00010020 vaddr=42100020 size=2a854h (174164) map[0m
[0;32mI (163) esp_image: segment 1: paddr=0003a87c vaddr=40800000 size=0579ch ( 22428) load[0m
[0;32mI (174) esp_image: segment 2: paddr=00040020 vaddr=42000020 size=f74d0h (1012944) map[0m
[0;32mI (549) esp_image: segment 3: paddr=001374f8 vaddr=4080579c size=1b3dch (111580) load[0m
[0;32mI (612) boot: Loaded app from partition at offset 0x10000[0m
[0;32mI (612) boot: Disabling RNG early entropy source...[0m
[0;32mI (623) cpu_start: Unicore app[0m
[0;32mI (631) cpu_start: Pro cpu start user code[0m
[0;32mI (632) cpu_start: cpu freq: 160000000 Hz[0m
[0;32mI (632) app_init: Application information:[0m
[0;32mI (632) app_init: Project name:     esp32c6_microros_test[0m
[0;32mI (637) app_init: App version:      69ba50f-dirty[0m
[0;32mI (641) app_init: Compile time:     Apr 13 2026 13:22:00[0m
[0;32mI (646) app_init: ELF file SHA256:  f2fed574f...[0m
[0;32mI (650) app_init: ESP-IDF:          v5.5[0m
[0;32mI (654) efuse_init: Min chip rev:     v0.0[0m
[0;32mI (658) efuse_init: Max chip rev:     v0.99 [0m
[0;32mI (662) efuse_init: Chip rev:         v0.2[0m
[0;32mI (666) heap_init: Initializing. RAM available for dynamic allocation:[0m
[0;32mI (672) heap_init: At 4082B4E0 len 00051130 (324 KiB): RAM[0m
[0;32mI (677) heap_init: At 4087C610 len 00002F54 (11 KiB): RAM[0m
[0;32mI (682) heap_init: At 50000000 len 00003FE8 (15 KiB): RTCRAM[0m
[0;32mI (689) spi_flash: detected chip: generic[0m
[0;32mI (691) spi_flash: flash io: dio[0m
[0;33mW (694) spi_flash: Detected size(8192k) larger than the size in the binary image header(4096k). Using the size in the binary image header.[0m
[0;32mI (708) sleep_gpio: Configure to isolate all GPIO pins in sleep state[0m
[0;32mI (713) sleep_gpio: Enable automatic switching of GPIO sleep configuration[0m
[0;32mI (719) coexist: coex firmware version: 831ec70[0m
[0;32mI (738) coexist: coexist rom version 5b8dcfa[0m
[0;32mI (738) main_task: Started on CPU0[0m
[0;32mI (738) main_task: Calling app_main()[0m
Guru Meditation Error: Core  0 panic'ed (Stack protection fault). 

Detected in task "main" at 0x4200bae4
Stack pointer: 0x4082c2f0
Stack bounds: 0x4082d5c0 - 0x4082e5b0


Core  0 register dump:
MEPC    : 0x4200bae6  RA      : 0x420f6b24  SP      : 0x4082c2f0  GP      : 0x4081cba4  
TP      : 0x4082e5b0  T0      : 0xffffe000  T1      : 0x70000000  T2      : 0xffffffff  
S0/FP   : 0x42102000  S1      : 0x00000003  A0      : 0x00000026  A1      : 0x4082e198  
A2      : 0x00000000  A3      : 0x00000001  A4      : 0x00000000  A5      : 0x00000000  
A6      : 0x00000001  A7      : 0x0000000a  S2      : 0x00000000  S3      : 0x00000000  
S4      : 0x00000000  S5      : 0x00000000  S6      : 0x00000000  S7      : 0x00000000  
S8      : 0x00000000  S9      : 0x00000000  S10     : 0x00000000  S11     : 0x00000000  
T3      : 0x00000000  T4      : 0x00000000  T5      : 0x00000000  T6      : 0x00000000  
MSTATUS : 0x00001881  MTVEC   : 0x40800001  MCAUSE  : 0x0000001b  MTVAL   : 0x42103537  
MHARTID : 0x00000000  

add symbol table from file "/Users/jansampolramirez/mamri_build/Mamri_v6_PlatformIO/build/bootloader/bootloader.elf"
app_main () at /Users/jansampolramirez/mamri_build/Mamri_v6_PlatformIO/main/app_main.cpp:103
103	    printf("app_main started\n");
#0  app_main () at /Users/jansampolramirez/mamri_build/Mamri_v6_PlatformIO/main/app_main.cpp:103
#1  0x00000000 in ?? ()
Backtrace stopped: frame did not save the PC



ELF file SHA256: f2fed574f

Rebooting...
ESP-ROM:esp32c6-20220919
Build:Sep 19 2022
rst:0xc (SW_CPU),boot:0x6c (SPI_FAST_FLASH_BOOT)
Saved PC:0x4001975a
SPIWP:0xee
mode:DIO, clock div:2
load:0x40875730,len:0x1744
load:0x4086b910,len:0xfa8
load:0x4086e610,len:0x31a8
entry 0x4086b91a
[0;32mI (27) boot: ESP-IDF v5.5 2nd stage bootloader[0m
[0;32mI (27) boot: compile time Apr  5 2026 11:04:44[0m
[0;32mI (28) boot: chip revision: v0.2[0m
[0;32mI (29) boot: efuse block revision: v0.3[0m
[0;32mI (30) boot.esp32c6: SPI Speed      : 80MHz[0m
[0;32mI (34) boot.esp32c6: SPI Mode       : DIO[0m
[0;32mI (38) boot.esp32c6: SPI Flash Size : 4MB[0m
[0;32mI (42) boot: Enabling RNG early entropy source...[0m
[0;32mI (46) boot: Partition Table:[0m
[0;32mI (49) boot: ## Label            Usage          Type ST Offset   Length[0m
[0;32mI (55) boot:  0 nvs              WiFi data        01 02 00009000 00006000[0m
[0;32mI (62) boot:  1 phy_init         RF data          01 01 0000f000 00001000[0m
[0;32mI (68) boot:  2 factory          factory app      00 00 00010000 00200000[0m
[0;32mI (75) boot:  3 coredump         Unknown data     01 03 00210000 00010000[0m
[0;32mI (81) boot:  4 littlefs         Unknown data     01 82 00220000 0007d000[0m
I (88) boot: End of partition table
[0;32mI (91) esp_image: segment 0: paddr=00010020 vaddr=42100020 size=2a854h (174164) map[0m
[0;32mI (163) esp_image: segment 1: paddr=0003a87c vaddr=40800000 size=0579ch ( 22428) load[0m
[0;32mI (174) esp_image: segment 2: paddr=00040020 vaddr=42000020 size=f74d0h (1012944) map[0m
[0;32mI (549) esp_image: segment 3: paddr=001374f8 vaddr=4080579c size=1b3dch (111580) load[0m
[0;32mI (612) boot: Loaded app from partition at offset 0x10000[0m
[0;32mI (612) boot: Disabling RNG early entropy source...[0m
[0;32mI (623) cpu_start: Unicore app[0m
[0;32mI (631) cpu_start: Pro cpu start user code[0m
[0;32mI (632) cpu_start: cpu freq: 160000000 Hz[0m
[0;32mI (632) app_init: Application information:[0m
[0;32mI (632) app_init: Project name:     esp32c6_microros_test[0m
[0;32mI (637) app_init: App version:      69ba50f-dirty[0m
[0;32mI (641) app_init: Compile time:     Apr 13 2026 13:22:00[0m
[0;32mI (646) app_init: ELF file SHA256:  f2fed574f...[0m
[0;32mI (650) app_init: ESP-IDF:          v5.5[0m
[0;32mI (654) efuse_init: Min chip rev:     v0.0[0m
[0;32mI (658) efuse_init: Max chip rev:     v0.99 [0m
[0;32mI (662) efuse_init: Chip rev:         v0.2[0m
[0;32mI (666) heap_init: Initializing. RAM available for dynamic allocation:[0m
[0;32mI (672) heap_init: At 4082B4E0 len 00051130 (324 KiB): RAM[0m
[0;32mI (677) heap_init: At 4087C610 len 00002F54 (11 KiB): RAM[0m
[0;32mI (682) heap_init: At 50000000 len 00003FE8 (15 KiB): RTCRAM[0m
[0;32mI (688) spi_flash: detected chip: generic[0m
[0;32mI (691) spi_flash: flash io: dio[0m
[0;33mW (694) spi_flash: Detected size(8192k) larger than the size in the binary image header(4096k). Using the size in the binary image header.[0m
[0;32mI (708) sleep_gpio: Configure to isolate all GPIO pins in sleep state[0m
[0;32mI (713) sleep_gpio: Enable automatic switching of GPIO sleep configuration[0m
[0;32mI (719) coexist: coex firmware version: 831ec70[0m
[0;32mI (738) coexist: coexist rom version 5b8dcfa[0m
[0;32mI (738) main_task: Started on CPU0[0m
[0;32mI (738) main_task: Calling app_main()[0m
Guru Meditation Error: Core  0 panic'ed (Stack protection fault). 

Detected in task "main" at 0x4200bae4
Stack pointer: 0x4082c2f0
Stack bounds: 0x4082d5c0 - 0x4082e5b0


Core  0 register dump:
MEPC    : 0x4200bae6  RA      : 0x420f6b24  SP      : 0x4082c2f0  GP      : 0x4081cba4  
TP      : 0x4082e5b0  T0      : 0xffffe000  T1      : 0x70000000  T2      : 0xffffffff  
S0/FP   : 0x42102000  S1      : 0x00000003  A0      : 0x00000026  A1      : 0x4082e198  
A2      : 0x00000000  A3      : 0x00000001  A4      : 0x00000000  A5      : 0x00000000  
A6      : 0x00000001  A7      : 0x0000000a  S2      : 0x00000000  S3      : 0x00000000  
S4      : 0x00000000  S5      : 0x00000000  S6      : 0x00000000  S7      : 0x00000000  
S8      : 0x00000000  S9      : 0x00000000  S10     : 0x00000000  S11     : 0x00000000  
T3      : 0x00000000  T4      : 0x00000000  T5      : 0x00000000  T6      : 0x00000000  
MSTATUS : 0x00001881  MTVEC   : 0x40800001  MCAUSE  : 0x0000001b  MTVAL   : 0x42103537  
MHARTID : 0x00000000  

add symbol table from file "/Users/jansampolramirez/mamri_build/Mamri_v6_PlatformIO/build/bootloader/bootloader.elf"
app_main () at /Users/jansampolramirez/mamri_build/Mamri_v6_PlatformIO/main/app_main.cpp:103
103	    printf("app_main started\n");
#0  app_main () at /Users/jansampolramirez/mamri_build/Mamri_v6_PlatformIO/main/app_main.cpp:103
#1  0x00000000 in ?? ()
Backtrace stopped: frame did not save the PC



ELF file SHA256: f2fed574f

Rebooting...
ESP-ROM:esp32c6-20220919
Build:Sep 19 2022
rst:0xc (SW_CPU),boot:0x6c (SPI_FAST_FLASH_BOOT)
Saved PC:0x4001975a
SPIWP:0xee
mode:DIO, clock div:2
load:0x40875730,len:0x1744
load:0x4086b910,len:0xfa8
load:0x4086e610,len:0x31a8
entry 0x4086b91a
[0;32mI (27) boot: ESP-IDF v5.5 2nd stage bootloader[0m
[0;32mI (27) boot: compile time Apr  5 2026 11:04:44[0m
[0;32mI (28) boot: chip revision: v0.2[0m
[0;32mI (29) boot: efuse block revision: v0.3[0m
[0;32mI (30) boot.esp32c6: SPI Speed      : 80MHz[0m
[0;32mI (34) boot.esp32c6: SPI Mode       : DIO[0m
[0;32mI (38) boot.esp32c6: SPI Flash Size : 4MB[0m
[0;32mI (42) boot: Enabling RNG early entropy source...[0m
[0;32mI (46) boot: Partition Table:[0m
[0;32mI (49) boot: ## Label            Usage          Type ST Offset   Length[0m
[0;32mI (55) boot:  0 nvs              WiFi data        01 02 00009000 00006000[0m
[0;32mI (62) boot:  1 phy_init         RF data          01 01 0000f000 00001000[0m
[0;32mI (68) boot:  2 factory          factory app      00 00 00010000 00200000[0m
[0;32mI (75) boot:  3 coredump         Unknown data     01 03 00210000 00010000[0m
[0;32mI (81) boot:  4 littlefs         Unknown data     01 82 00220000 0007d000[0m
[0;32mI (88) boot: End of partition table[0m
[0;32mI (91) esp_image: segment 0: paddr=00010020 vaddr=42100020 size=2a854h (174164) map[0m
[0;32mI (163) esp_image: segment 1: paddr=0003a87c vaddr=40800000 size=0579ch ( 22428) load[0m
[0;32mI (174) esp_image: segment 2: paddr=00040020 vaddr=42000020 size=f74d0h (1012944) map[0m
[0;32mI (549) esp_image: segment 3: paddr=001374f8 vaddr=4080579c size=1b3dch (111580) load[0m
[0;32mI (612) boot: Loaded app from partition at offset 0x10000[0m
[0;32mI (612) boot: Disabling RNG early entropy source...[0m
[0;32mI (623) cpu_start: Unicore app[0m
[0;32mI (631) cpu_start: Pro cpu start user code[0m
[0;32mI (632) cpu_start: cpu freq: 160000000 Hz[0m
[0;32mI (632) app_init: Application information:[0m
[0;32mI (632) app_init: Project name:     esp32c6_microros_test[0m
[0;32mI (637) app_init: App version:      69ba50f-dirty[0m
[0;32mI (641) app_init: Compile time:     Apr 13 2026 13:22:00[0m
[0;32mI (646) app_init: ELF file SHA256:  f2fed574f...[0m
[0;32mI (650) app_init: ESP-IDF:          v5.5[0m
[0;32mI (654) efuse_init: Min chip rev:     v0.0[0m
[0;32mI (658) efuse_init: Max chip rev:     v0.99 [0m
[0;32mI (662) efuse_init: Chip rev:         v0.2[0m
[0;32mI (666) heap_init: Initializing. RAM available for dynamic allocation:[0m
[0;32mI (672) heap_init: At 4082B4E0 len 00051130 (324 KiB): RAM[0m
[0;32mI (677) heap_init: At 4087C610 len 00002F54 (11 KiB): RAM[0m
[0;32mI (682) heap_init: At 50000000 len 00003FE8 (15 KiB): RTCRAM[0m
[0;32mI (688) spi_flash: detected chip: generic[0m
[0;32mI (691) spi_flash: flash io: dio[0m
[0;33mW (694) spi_flash: Detected size(8192k) larger than the size in the binary image header(4096k). Using the size in the binary image header.[0m
[0;32mI (708) sleep_gpio: Configure to isolate all GPIO pins in sleep state[0m
[0;32mI (713) sleep_gpio: Enable automatic switching of GPIO sleep configuration[0m
[0;32mI (719) coexist: coex firmware version: 831ec70[0m
[0;32mI (738) coexist: coexist rom version 5b8dcfa[0m
[0;32mI (738) main_task: Started on CPU0[0m
[0;32mI (738) main_task: Calling app_main()[0m
Guru Meditation Error: Core  0 panic'ed (Stack protection fault). 

Detected in task "main" at 0x4200bae4
Stack pointer: 0x4082c2f0
Stack bounds: 0x4082d5c0 - 0x4082e5b0


Core  0 register dump:
MEPC    : 0x4200bae6  RA      : 0x420f6b24  SP      : 0x4082c2f0  GP      : 0x4081cba4  
TP      : 0x4082e5b0  T0      : 0xffffe000  T1      : 0x70000000  T2      : 0xffffffff  
S0/FP   : 0x42102000  S1      : 0x00000003  A0      : 0x00000026  A1      : 0x4082e198  
A2      : 0x00000000  A3      : 0x00000001  A4      : 0x00000000  A5      : 0x00000000  
A6      : 0x00000001  A7      : 0x0000000a  S2      : 0x00000000  S3      : 0x00000000  
S4      : 0x00000000  S5      : 0x00000000  S6      : 0x00000000  S7      : 0x00000000  
S8      : 0x00000000  S9      : 0x00000000  S10     : 0x00000000  S11     : 0x00000000  
T3      : 0x00000000  T4      : 0x00000000  T5      : 0x00000000  T6      : 0x00000000  
MSTATUS : 0x00001881  MTVEC   : 0x40800001  MCAUSE  : 0x0000001b  MTVAL   : 0x42103537  
MHARTID : 0x00000000  

add symbol table from file "/Users/jansampolramirez/mamri_build/Mamri_v6_PlatformIO/build/bootloader/bootloader.elf"
app_main () at /Users/jansampolramirez/mamri_build/Mamri_v6_PlatformIO/main/app_main.cpp:103
103	    printf("app_main started\n");
#0  app_main () at /Users/jansampolramirez/mamri_build/Mamri_v6_PlatformIO/main/app_main.cpp:103
#1  0x00000000 in ?? ()
Backtrace stopped: frame did not save the PC



ELF file SHA256: f2fed574f

Rebooting...
ESP-ROM:esp32c6-20220919
Build:Sep 19 2022
rst:0xc (SW_CPU),boot:0x6c (SPI_FAST_FLASH_BOOT)
Saved PC:0x4001975a
SPIWP:0xee
mode:DIO, clock div:2
load:0x40875730,len:0x1744
load:0x4086b910,len:0xfa8
load:0x4086e610,len:0x31a8
entry 0x4086b91a
[0;32mI (27) boot: ESP-IDF v5.5 2nd stage bootloader[0m
[0;32mI (27) boot: compile time Apr  5 2026 11:04:44[0m
[0;32mI (28) boot: chip revision: v0.2[0m
[0;32mI (29) boot: efuse block revision: v0.3[0m
[0;32mI (30) boot.esp32c6: SPI Speed      : 80MHz[0m
[0;32mI (34) boot.esp32c6: SPI Mode       : DIO[0m
[0;32mI (38) boot.esp32c6: SPI Flash Size : 4MB[0m
[0;32mI (42) boot: Enabling RNG early entropy source...[0m
[0;32mI (46) boot: Partition Table:[0m
[0;32mI (49) boot: ## Label            Usage          Type ST Offset   Length[0m
[0;32mI (55) boot:  0 nvs              WiFi data        01 02 00009000 00006000[0m
[0;32mI (62) boot:  1 phy_init         RF data          01 01 0000f000 00001000[0m
[0;32mI (68) boot:  2 factory          factory app      00 00 00010000 00200000[0m
[0;32mI (75) boot:  3 coredump         Unknown data     01 03 00210000 00010000[0m
[0;32mI (81) boot:  4 littlefs         Unknown data     01 82 00220000 0007d000[0m
I (88) boot: End of partition table
[0;32mI (91) esp_image: segment 0: paddr=00010020 vaddr=42100020 size=2a854h (174164) map[0m
[0;32mI (163) esp_image: segment 1: paddr=0003a87c vaddr=40800000 size=0579ch ( 22428) load[0m
[0;32mI (174) esp_image: segment 2: paddr=00040020 vaddr=42000020 size=f74d0h (1012944) map[0m
[0;32mI (549) esp_image: segment 3: paddr=001374f8 vaddr=4080579c size=1b3dch (111580) load[0m
[0;32mI (612) boot: Loaded app from partition at offset 0x10000[0m
[0;32mI (612) boot: Disabling RNG early entropy source...[0m
[0;32mI (623) cpu_start: Unicore app[0m
[0;32mI (631) cpu_start: Pro cpu start user code[0m
[0;32mI (632) cpu_start: cpu freq: 160000000 Hz[0m
[0;32mI (632) app_init: Application information:[0m
[0;32mI (632) app_init: Project name:     esp32c6_microros_test[0m
[0;32mI (637) app_init: App version:      69ba50f-dirty[0m
[0;32mI (641) app_init: Compile time:     Apr 13 2026 13:22:00[0m
[0;32mI (646) app_init: ELF file SHA256:  f2fed574f...[0m
[0;32mI (650) app_init: ESP-IDF:          v5.5[0m
[0;32mI (654) efuse_init: Min chip rev:     v0.0[0m
[0;32mI (658) efuse_init: Max chip rev:     v0.99 [0m
[0;32mI (662) efuse_init: Chip rev:         v0.2[0m
[0;32mI (666) heap_init: Initializing. RAM available for dynamic allocation:[0m
[0;32mI (672) heap_init: At 4082B4E0 len 00051130 (324 KiB): RAM[0m
[0;32mI (677) heap_init: At 4087C610 len 00002F54 (11 KiB): RAM[0m
[0;32mI (682) heap_init: At 50000000 len 00003FE8 (15 KiB): RTCRAM[0m
[0;32mI (688) spi_flash: detected chip: generic[0m
[0;32mI (691) spi_flash: flash io: dio[0m
[0;33mW (694) spi_flash: Detected size(8192k) larger than the size in the binary image header(4096k). Using the size in the binary image header.[0m
[0;32mI (708) sleep_gpio: Configure to isolate all GPIO pins in sleep state[0m
[0;32mI (713) sleep_gpio: Enable automatic switching of GPIO sleep configuration[0m
[0;32mI (719) coexist: coex firmware version: 831ec70[0m
[0;32mI (738) coexist: coexist rom version 5b8dcfa[0m
[0;32mI (738) main_task: Started on CPU0[0m
[0;32mI (738) main_task: Calling app_main()[0m
Guru Meditation Error: Core  0 panic'ed (Stack protection fault). 

Detected in task "main" at 0x4200bae4
Stack pointer: 0x4082c2f0
Stack bounds: 0x4082d5c0 - 0x4082e5b0


Core  0 register dump:
MEPC    : 0x4200bae6  RA      : 0x420f6b24  SP      : 0x4082c2f0  GP      : 0x4081cba4  
TP      : 0x4082e5b0  T0      : 0xffffe000  T1      : 0x70000000  T2      : 0xffffffff  
S0/FP   : 0x42102000  S1      : 0x00000003  A0      : 0x00000026  A1      : 0x4082e198  
A2      : 0x00000000  A3      : 0x00000001  A4      : 0x00000000  A5      : 0x00000000  
A6      : 0x00000001  A7      : 0x0000000a  S2      : 0x00000000  S3      : 0x00000000  
S4      : 0x00000000  S5      : 0x00000000  S6      : 0x00000000  S7      : 0x00000000  
S8      : 0x00000000  S9      : 0x00000000  S10     : 0x00000000  S11     : 0x00000000  
T3      : 0x00000000  T4      : 0x00000000  T5      : 0x00000000  T6      : 0x00000000  
MSTATUS : 0x00001881  MTVEC   : 0x40800001  MCAUSE  : 0x0000001b  MTVAL   : 0x42103537  
MHARTID : 0x00000000  

add symbol table from file "/Users/jansampolramirez/mamri_build/Mamri_v6_PlatformIO/build/bootloader/bootloader.elf"
app_main () at /Users/jansampolramirez/mamri_build/Mamri_v6_PlatformIO/main/app_main.cpp:103
103	    printf("app_main started\n");
#0  app_main () at /Users/jansampolramirez/mamri_build/Mamri_v6_PlatformIO/main/app_main.cpp:103
#1  0x00000000 in ?? ()
Backtrace stopped: frame did not save the PC



ELF file SHA256: f2fed574f

Rebooting...
ESP-ROM:esp32c6-20220919
Build:Sep 19 2022
rst:0xc (SW_CPU),boot:0x6c (SPI_FAST_FLASH_BOOT)
Saved PC:0x4001975a
SPIWP:0xee
mode:DIO, clock div:2
load:0x40875730,len:0x1744
load:0x4086b910,len:0xfa8
load:0x4086e610,len:0x31a8
entry 0x4086b91a
[0;32mI (27) boot: ESP-IDF v5.5 2nd stage bootloader[0m
[0;32mI (27) boot: compile time Apr  5 2026 11:04:44[0m
[0;32mI (28) boot: chip revision: v0.2[0m
[0;32mI (29) boot: efuse block revision: v0.3[0m
[0;32mI (30) boot.esp32c6: SPI Speed      : 80MHz[0m
[0;32mI (34) boot.esp32c6: SPI Mode       : DIO[0m
[0;32mI (38) boot.esp32c6: SPI Flash Size : 4MB[0m
[0;32mI (42) boot: Enabling RNG early entropy source...[0m
[0;32mI (46) boot: Partition Table:[0m
[0;32mI (49) boot: ## Label            Usage          Type ST Offset   Length[0m
[0;32mI (55) boot:  0 nvs              WiFi data        01 02 00009000 00006000[0m
[0;32mI (62) boot:  1 phy_init         RF data          01 01 0000f000 00001000[0m
[0;32mI (68) boot:  2 factory          factory app      00 00 00010000 00200000[0m
[0;32mI (75) boot:  3 coredump         Unknown data     01 03 00210000 00010000[0m
[0;32mI (81) boot:  4 littlefs         Unknown data     01 82 00220000 0007d000[0m
I (88) boot: End of partition table
[0;32mI (91) esp_image: segment 0: paddr=00010020 vaddr=42100020 size=2a854h (174164) map[0m
[0;32mI (163) esp_image: segment 1: paddr=0003a87c vaddr=40800000 size=0579ch ( 22428) load[0m
[0;32mI (174) esp_image: segment 2: paddr=00040020 vaddr=42000020 size=f74d0h (1012944) map[0m
[0;32mI (549) esp_image: segment 3: paddr=001374f8 vaddr=4080579c size=1b3dch (111580) load[0m
[0;32mI (612) boot: Loaded app from partition at offset 0x10000[0m
[0;32mI (612) boot: Disabling RNG early entropy source...[0m
[0;32mI (623) cpu_start: Unicore app[0m
[0;32mI (631) cpu_start: Pro cpu start user code[0m
[0;32mI (632) cpu_start: cpu freq: 160000000 Hz[0m
[0;32mI (632) app_init: Application information:[0m
[0;32mI (632) app_init: Project name:     esp32c6_microros_test[0m
[0;32mI (637) app_init: App version:      69ba50f-dirty[0m
[0;32mI (641) app_init: Compile time:     Apr 13 2026 13:22:00[0m
[0;32mI (646) app_init: ELF file SHA256:  f2fed574f...[0m
[0;32mI (650) app_init: ESP-IDF:          v5.5[0m
[0;32mI (654) efuse_init: Min chip rev:     v0.0[0m
[0;32mI (658) efuse_init: Max chip rev:     v0.99 [0m
[0;32mI (662) efuse_init: Chip rev:         v0.2[0m
[0;32mI (666) heap_init: Initializing. RAM available for dynamic allocation:[0m
[0;32mI (672) heap_init: At 4082B4E0 len 00051130 (324 KiB): RAM[0m
[0;32mI (677) heap_init: At 4087C610 len 00002F54 (11 KiB): RAM[0m
[0;32mI (682) heap_init: At 50000000 len 00003FE8 (15 KiB): RTCRAM[0m
[0;32mI (689) spi_flash: detected chip: generic[0m
[0;32mI (691) spi_flash: flash io: dio[0m
[0;33mW (694) spi_flash: Detected size(8192k) larger than the size in the binary image header(4096k). Using the size in the binary image header.[0m
[0;32mI (709) sleep_gpio: Configure to isolate all GPIO pins in sleep state[0m
[0;32mI (713) sleep_gpio: Enable automatic switching of GPIO sleep configuration[0m
[0;32mI (719) coexist: coex firmware version: 831ec70[0m
[0;32mI (738) coexist: coexist rom version 5b8dcfa[0m
[0;32mI (738) main_task: Started on CPU0[0m
[0;32mI (738) main_task: Calling app_main()[0m
Guru Meditation Error: Core  0 panic'ed (Stack protection fault). 

Detected in task "main" at 0x4200bae4
Stack pointer: 0x4082c2f0
Stack bounds: 0x4082d5c0 - 0x4082e5b0


Core  0 register dump:
MEPC    : 0x4200bae6  RA      : 0x420f6b24  SP      : 0x4082c2f0  GP      : 0x4081cba4  
TP      : 0x4082e5b0  T0      : 0xffffe000  T1      : 0x70000000  T2      : 0xffffffff  
S0/FP   : 0x42102000  S1      : 0x00000003  A0      : 0x00000026  A1      : 0x4082e198  
A2      : 0x00000000  A3      : 0x00000001  A4      : 0x00000000  A5      : 0x00000000  
A6      : 0x00000001  A7      : 0x0000000a  S2      : 0x00000000  S3      : 0x00000000  
S4      : 0x00000000  S5      : 0x00000000  S6      : 0x00000000  S7      : 0x00000000  
S8      : 0x00000000  S9      : 0x00000000  S10     : 0x00000000  S11     : 0x00000000  
T3      : 0x00000000  T4      : 0x00000000  T5      : 0x00000000  T6      : 0x00000000  
MSTATUS : 0x00001881  MTVEC   : 0x40800001  MCAUSE  : 0x0000001b  MTVAL   : 0x42103537  
MHARTID : 0x00000000  

add symbol table from file "/Users/jansampolramirez/mamri_build/Mamri_v6_PlatformIO/build/bootloader/bootloader.elf"
app_main () at /Users/jansampolramirez/mamri_build/Mamri_v6_PlatformIO/main/app_main.cpp:103
103	    printf("app_main started\n");
#0  app_main () at /Users/jansampolramirez/mamri_build/Mamri_v6_PlatformIO/main/app_main.cpp:103
#1  0x00000000 in ?? ()
Backtrace stopped: frame did not save the PC



ELF file SHA256: f2fed574f

Rebooting...
ESP-ROM:esp32c6-20220919
Build:Sep 19 2022
rst:0xc (SW_CPU),boot:0x6c (SPI_FAST_FLASH_BOOT)
Saved PC:0x4001975a
SPIWP:0xee
mode:DIO, clock div:2
load:0x40875730,len:0x1744
load:0x4086b910,len:0xfa8
load:0x4086e610,len:0x31a8
entry 0x4086b91a
[0;32mI (27) boot: ESP-IDF v5.5 2nd stage bootloader[0m
[0;32mI (27) boot: compile time Apr  5 2026 11:04:44[0m
[0;32mI (28) boot: chip revision: v0.2[0m
[0;32mI (29) boot: efuse block revision: v0.3[0m
[0;32mI (30) boot.esp32c6: SPI Speed      : 80MHz[0m
[0;32mI (34) boot.esp32c6: SPI Mode       : DIO[0m
[0;32mI (38) boot.esp32c6: SPI Flash Size : 4MB[0m
[0;32mI (42) boot: Enabling RNG early entropy source...[0m
[0;32mI (46) boot: Partition Table:[0m
[0;32mI (49) boot: ## Label            Usage          Type ST Offset   Length[0m
[0;32mI (55) boot:  0 nvs              WiFi data        01 02 00009000 00006000[0m
[0;32mI (62) boot:  1 phy_init         RF data          01 01 0000f000 00001000[0m
[0;32mI (68) boot:  2 factory          factory app      00 00 00010000 00200000[0m
[0;32mI (75) boot:  3 coredump         Unknown data     01 03 00210000 00010000[0m
[0;32mI (81) boot:  4 littlefs         Unknown data     01 82 00220000 0007d000[0m
I (88) boot: End of partition table
[0;32mI (91) esp_image: segment 0: paddr=00010020 vaddr=42100020 size=2a854h (174164) map[0m
[0;32mI (163) esp_image: segment 1: paddr=0003a87c vaddr=40800000 size=0579ch ( 22428) load[0m
[0;32mI (174) esp_image: segment 2: paddr=00040020 vaddr=42000020 size=f74d0h (1012944) map[0m
[0;32mI (549) esp_image: segment 3: paddr=001374f8 vaddr=4080579c size=1b3dch (111580) load[0m
[0;32mI (612) boot: Loaded app from partition at offset 0x10000[0m
[0;32mI (612) boot: Disabling RNG early entropy source...[0m
[0;32mI (623) cpu_start: Unicore app[0m
[0;32mI (631) cpu_start: Pro cpu start user code[0m
[0;32mI (632) cpu_start: cpu freq: 160000000 Hz[0m
[0;32mI (632) app_init: Application information:[0m
[0;32mI (632) app_init: Project name:     esp32c6_microros_test[0m
[0;32mI (637) app_init: App version:      69ba50f-dirty[0m
[0;32mI (641) app_init: Compile time:     Apr 13 2026 13:22:00[0m
[0;32mI (646) app_init: ELF file SHA256:  f2fed574f...[0m
[0;32mI (650) app_init: ESP-IDF:          v5.5[0m
[0;32mI (654) efuse_init: Min chip rev:     v0.0[0m
[0;32mI (658) efuse_init: Max chip rev:     v0.99 [0m
[0;32mI (662) efuse_init: Chip rev:         v0.2[0m
[0;32mI (666) heap_init: Initializing. RAM available for dynamic allocation:[0m
[0;32mI (672) heap_init: At 4082B4E0 len 00051130 (324 KiB): RAM[0m
[0;32mI (677) heap_init: At 4087C610 len 00002F54 (11 KiB): RAM[0m
[0;32mI (682) heap_init: At 50000000 len 00003FE8 (15 KiB): RTCRAM[0m
[0;32mI (688) spi_flash: detected chip: generic[0m
[0;32mI (691) spi_flash: flash io: dio[0m
[0;33mW (694) spi_flash: Detected size(8192k) larger than the size in the binary image header(4096k). Using the size in the binary image header.[0m
[0;32mI (708) sleep_gpio: Configure to isolate all GPIO pins in sleep state[0m
[0;32mI (713) sleep_gpio: Enable automatic switching of GPIO sleep configuration[0m
[0;32mI (719) coexist: coex firmware version: 831ec70[0m
[0;32mI (738) coexist: coexist rom version 5b8dcfa[0m
[0;32mI (738) main_task: Started on CPU0[0m
[0;32mI (738) main_task: Calling app_main()[0m
Guru Meditation Error: Core  0 panic'ed (Stack protection fault). 

Detected in task "main" at 0x4200bae4
Stack pointer: 0x4082c2f0
Stack bounds: 0x4082d5c0 - 0x4082e5b0


Core  0 register dump:
MEPC    : 0x4200bae6  RA      : 0x420f6b24  SP      : 0x4082c2f0  GP      : 0x4081cba4  
TP      : 0x4082e5b0  T0      : 0xffffe000  T1      : 0x70000000  T2      : 0xffffffff  
S0/FP   : 0x42102000  S1      : 0x00000003  A0      : 0x00000026  A1      : 0x4082e198  
A2      : 0x00000000  A3      : 0x00000001  A4      : 0x00000000  A5      : 0x00000000  
A6      : 0x00000001  A7      : 0x0000000a  S2      : 0x00000000  S3      : 0x00000000  
S4      : 0x00000000  S5      : 0x00000000  S6      : 0x00000000  S7      : 0x00000000  
S8      : 0x00000000  S9      : 0x00000000  S10     : 0x00000000  S11     : 0x00000000  
T3      : 0x00000000  T4      : 0x00000000  T5      : 0x00000000  T6      : 0x00000000  
MSTATUS : 0x00001881  MTVEC   : 0x40800001  MCAUSE  : 0x0000001b  MTVAL   : 0x42103537  
MHARTID : 0x00000000  

add symbol table from file "/Users/jansampolramirez/mamri_build/Mamri_v6_PlatformIO/build/bootloader/bootloader.elf"
app_main () at /Users/jansampolramirez/mamri_build/Mamri_v6_PlatformIO/main/app_main.cpp:103
103	    printf("app_main started\n");
#0  app_main () at /Users/jansampolramirez/mamri_build/Mamri_v6_PlatformIO/main/app_main.cpp:103
#1  0x00000000 in ?? ()
Backtrace stopped: frame did not save the PC



ELF file SHA256: f2fed574f

Rebooting...
ESP-ROM:esp32c6-20220919
Build:Sep 19 2022
rst:0xc (SW_CPU),boot:0x6c (SPI_FAST_FLASH_BOOT)
Saved PC:0x4001975a
SPIWP:0xee
mode:DIO, clock div:2
load:0x40875730,len:0x1744
load:0x4086b910,len:0xfa8
load:0x4086e610,len:0x31a8
entry 0x4086b91a
[0;32mI (27) boot: ESP-IDF v5.5 2nd stage bootloader[0m
[0;32mI (27) boot: compile time Apr  5 2026 11:04:44[0m
[0;32mI (28) boot: chip revision: v0.2[0m
[0;32mI (29) boot: efuse block revision: v0.3[0m
[0;32mI (30) boot.esp32c6: SPI Speed      : 80MHz[0m
[0;32mI (34) boot.esp32c6: SPI Mode       : DIO[0m
[0;32mI (38) boot.esp32c6: SPI Flash Size : 4MB[0m
[0;32mI (42) boot: Enabling RNG early entropy source...[0m
[0;32mI (46) boot: Partition Table:[0m
[0;32mI (49) boot: ## Label            Usage          Type ST Offset   Length[0m
[0;32mI (55) boot:  0 nvs              WiFi data        01 02 00009000 00006000[0m
[0;32mI (62) boot:  1 phy_init         RF data          01 01 0000f000 00001000[0m
[0;32mI (68) boot:  2 factory          factory app      00 00 00010000 00200000[0m
[0;32mI (75) boot:  3 coredump         Unknown data     01 03 00210000 00010000[0m
[0;32mI (81) boot:  4 littlefs         Unknown data     01 82 00220000 0007d000[0m
I (88) boot: End of partition table
[0;32mI (91) esp_image: segment 0: paddr=00010020 vaddr=42100020 size=2a854h (174164) map[0m
[0;32mI (163) esp_image: segment 1: paddr=0003a87c vaddr=40800000 size=0579ch ( 22428) load[0m
[0;32mI (174) esp_image: segment 2: paddr=00040020 vaddr=42000020 size=f74d0h (1012944) map[0m
[0;32mI (549) esp_image: segment 3: paddr=001374f8 vaddr=4080579c size=1b3dch (111580) load[0m
[0;32mI (612) boot: Loaded app from partition at offset 0x10000[0m
[0;32mI (612) boot: Disabling RNG early entropy source...[0m
[0;32mI (623) cpu_start: Unicore app[0m
[0;32mI (631) cpu_start: Pro cpu start user code[0m
[0;32mI (632) cpu_start: cpu freq: 160000000 Hz[0m
[0;32mI (632) app_init: Application information:[0m
[0;32mI (632) app_init: Project name:     esp32c6_microros_test[0m
[0;32mI (637) app_init: App version:      69ba50f-dirty[0m
[0;32mI (641) app_init: Compile time:     Apr 13 2026 13:22:00[0m
[0;32mI (646) app_init: ELF file SHA256:  f2fed574f...[0m
[0;32mI (650) app_init: ESP-IDF:          v5.5[0m
[0;32mI (654) efuse_init: Min chip rev:     v0.0[0m
[0;32mI (658) efuse_init: Max chip rev:     v0.99 [0m
[0;32mI (662) efuse_init: Chip rev:         v0.2[0m
[0;32mI (666) heap_init: Initializing. RAM available for dynamic allocation:[0m
[0;32mI (672) heap_init: At 4082B4E0 len 00051130 (324 KiB): RAM[0m
[0;32mI (677) heap_init: At 4087C610 len 00002F54 (11 KiB): RAM[0m
[0;32mI (682) heap_init: At 50000000 len 00003FE8 (15 KiB): RTCRAM[0m
[0;32mI (689) spi_flash: detected chip: generic[0m
[0;32mI (691) spi_flash: flash io: dio[0m
[0;33mW (694) spi_flash: Detected size(8192k) larger than the size in the binary image header(4096k). Using the size in the binary image header.[0m
[0;32mI (708) sleep_gpio: Configure to isolate all GPIO pins in sleep state[0m
[0;32mI (713) sleep_gpio: Enable automatic switching of GPIO sleep configuration[0m
[0;32mI (719) coexist: coex firmware version: 831ec70[0m
[0;32mI (738) coexist: coexist rom version 5b8dcfa[0m
[0;32mI (738) main_task: Started on CPU0[0m
[0;32mI (738) main_task: Calling app_main()[0m
Guru Meditation Error: Core  0 panic'ed (Stack protection fault). 

Detected in task "main" at 0x4200bae4
Stack pointer: 0x4082c2f0
Stack bounds: 0x4082d5c0 - 0x4082e5b0


Core  0 register dump:
MEPC    : 0x4200bae6  RA      : 0x420f6b24  SP      : 0x4082c2f0  GP      : 0x4081cba4  
TP      : 0x4082e5b0  T0      : 0xffffe000  T1      : 0x70000000  T2      : 0xffffffff  
S0/FP   : 0x42102000  S1      : 0x00000003  A0      : 0x00000026  A1      : 0x4082e198  
A2      : 0x00000000  A3      : 0x00000001  A4      : 0x00000000  A5      : 0x00000000  
A6      : 0x00000001  A7      : 0x0000000a  S2      : 0x00000000  S3      : 0x00000000  
S4      : 0x00000000  S5      : 0x00000000  S6      : 0x00000000  S7      : 0x00000000  
S8      : 0x00000000  S9      : 0x00000000  S10     : 0x00000000  S11     : 0x00000000  
T3      : 0x00000000  T4      : 0x00000000  T5      : 0x00000000  T6      : 0x00000000  
MSTATUS : 0x00001881  MTVEC   : 0x40800001  MCAUSE  : 0x0000001b  MTVAL   : 0x42103537  
MHARTID : 0x00000000  

add symbol table from file "/Users/jansampolramirez/mamri_build/Mamri_v6_PlatformIO/build/bootloader/bootloader.elf"
app_main () at /Users/jansampolramirez/mamri_build/Mamri_v6_PlatformIO/main/app_main.cpp:103
103	    printf("app_main started\n");
#0  app_main () at /Users/jansampolramirez/mamri_build/Mamri_v6_PlatformIO/main/app_main.cpp:103
#1  0x00000000 in ?? ()
Backtrace stopped: frame did not save the PC



ELF file SHA256: f2fed574f

Rebooting...
ESP-ROM:esp32c6-20220919
Build:Sep 19 2022
rst:0xc (SW_CPU),boot:0x6c (SPI_FAST_FLASH_BOOT)
Saved PC:0x4001975a
SPIWP:0xee
mode:DIO, clock div:2
load:0x40875730,len:0x1744
load:0x4086b910,len:0xfa8
load:0x4086e610,len:0x31a8
entry 0x4086b91a
[0;32mI (27) boot: ESP-IDF v5.5 2nd stage bootloader[0m
[0;32mI (27) boot: compile time Apr  5 2026 11:04:44[0m
[0;32mI (28) boot: chip revision: v0.2[0m
[0;32mI (29) boot: efuse block revision: v0.3[0m
[0;32mI (30) boot.esp32c6: SPI Speed      : 80MHz[0m
[0;32mI (34) boot.esp32c6: SPI Mode       : DIO[0m
[0;32mI (38) boot.esp32c6: SPI Flash Size : 4MB[0m
[0;32mI (42) boot: Enabling RNG early entropy source...[0m
[0;32mI (46) boot: Partition Table:[0m
[0;32mI (49) boot: ## Label            Usage          Type ST Offset   Length[0m
[0;32mI (55) boot:  0 nvs              WiFi data        01 02 00009000 00006000[0m
[0;32mI (62) boot:  1 phy_init         RF data          01 01 0000f000 00001000[0m
[0;32mI (68) boot:  2 factory          factory app      00 00 00010000 00200000[0m
[0;32mI (75) boot:  3 coredump         Unknown data     01 03 00210000 00010000[0m
[0;32mI (81) boot:  4 littlefs         Unknown data     01 82 00220000 0007d000[0m
I (88) boot: End of partition table
[0;32mI (91) esp_image: segment 0: paddr=00010020 vaddr=42100020 size=2a854h (174164) map[0m
[0;32mI (163) esp_image: segment 1: paddr=0003a87c vaddr=40800000 size=0579ch ( 22428) load[0m
[0;32mI (174) esp_image: segment 2: paddr=00040020 vaddr=42000020 size=f74d0h (1012944) map[0m
[0;32mI (549) esp_image: segment 3: paddr=001374f8 vaddr=4080579c size=1b3dch (111580) load[0m
[0;32mI (612) boot: Loaded app from partition at offset 0x10000[0m
[0;32mI (612) boot: Disabling RNG early entropy source...[0m
[0;32mI (623) cpu_start: Unicore app[0m
[0;32mI (631) cpu_start: Pro cpu start user code[0m
[0;32mI (632) cpu_start: cpu freq: 160000000 Hz[0m
[0;32mI (632) app_init: Application information:[0m
[0;32mI (632) app_init: Project name:     esp32c6_microros_test[0m
[0;32mI (637) app_init: App version:      69ba50f-dirty[0m
[0;32mI (641) app_init: Compile time:     Apr 13 2026 13:22:00[0m
[0;32mI (646) app_init: ELF file SHA256:  f2fed574f...[0m
[0;32mI (650) app_init: ESP-IDF:          v5.5[0m
[0;32mI (654) efuse_init: Min chip rev:     v0.0[0m
[0;32mI (658) efuse_init: Max chip rev:     v0.99 [0m
[0;32mI (662) efuse_init: Chip rev:         v0.2[0m
[0;32mI (666) heap_init: Initializing. RAM available for dynamic allocation:[0m
[0;32mI (672) heap_init: At 4082B4E0 len 00051130 (324 KiB): RAM[0m
[0;32mI (677) heap_init: At 4087C610 len 00002F54 (11 KiB): RAM[0m
[0;32mI (682) heap_init: At 50000000 len 00003FE8 (15 KiB): RTCRAM[0m
[0;32mI (689) spi_flash: detected chip: generic[0m
[0;32mI (691) spi_flash: flash io: dio[0m
[0;33mW (694) spi_flash: Detected size(8192k) larger than the size in the binary image header(4096k). Using the size in the binary image header.[0m
[0;32mI (708) sleep_gpio: Configure to isolate all GPIO pins in sleep state[0m
[0;32mI (713) sleep_gpio: Enable automatic switching of GPIO sleep configuration[0m
[0;32mI (719) coexist: coex firmware version: 831ec70[0m
[0;32mI (738) coexist: coexist rom version 5b8dcfa[0m
[0;32mI (738) main_task: Started on CPU0[0m
[0;32mI (738) main_task: Calling app_main()[0m
Guru Meditation Error: Core  0 panic'ed (Stack protection fault). 

Detected in task "main" at 0x4200bae4
Stack pointer: 0x4082c2f0
Stack bounds: 0x4082d5c0 - 0x4082e5b0


Core  0 register dump:
MEPC    : 0x4200bae6  RA      : 0x420f6b24  SP      : 0x4082c2f0  GP      : 0x4081cba4  
TP      : 0x4082e5b0  T0      : 0xffffe000  T1      : 0x70000000  T2      : 0xffffffff  
S0/FP   : 0x42102000  S1      : 0x00000003  A0      : 0x00000026  A1      : 0x4082e198  
A2      : 0x00000000  A3      : 0x00000001  A4      : 0x00000000  A5      : 0x00000000  
A6      : 0x00000001  A7      : 0x0000000a  S2      : 0x00000000  S3      : 0x00000000  
S4      : 0x00000000  S5      : 0x00000000  S6      : 0x00000000  S7      : 0x00000000  
S8      : 0x00000000  S9      : 0x00000000  S10     : 0x00000000  S11     : 0x00000000  
T3      : 0x00000000  T4      : 0x00000000  T5      : 0x00000000  T6      : 0x00000000  
MSTATUS : 0x00001881  MTVEC   : 0x40800001  MCAUSE  : 0x0000001b  MTVAL   : 0x42103537  
MHARTID : 0x00000000  

add symbol table from file "/Users/jansampolramirez/mamri_build/Mamri_v6_PlatformIO/build/bootloader/bootloader.elf"
app_main () at /Users/jansampolramirez/mamri_build/Mamri_v6_PlatformIO/main/app_main.cpp:103
103	    printf("app_main started\n");
#0  app_main () at /Users/jansampolramirez/mamri_build/Mamri_v6_PlatformIO/main/app_main.cpp:103
#1  0x00000000 in ?? ()
Backtrace stopped: frame did not save the PC



ELF file SHA256: f2fed574f

Rebooting...
ESP-ROM:esp32c6-20220919
Build:Sep 19 2022
rst:0xc (SW_CPU),boot:0x6c (SPI_FAST_FLASH_BOOT)
Saved PC:0x4001975a
SPIWP:0xee
mode:DIO, clock div:2
load:0x40875730,len:0x1744
load:0x4086b910,len:0xfa8
load:0x4086e610,len:0x31a8
entry 0x4086b91a
[0;32mI (27) boot: ESP-IDF v5.5 2nd stage bootloader[0m
[0;32mI (27) boot: compile time Apr  5 2026 11:04:44[0m
[0;32mI (28) boot: chip revision: v0.2[0m
[0;32mI (29) boot: efuse block revision: v0.3[0m
[0;32mI (30) boot.esp32c6: SPI Speed      : 80MHz[0m
[0;32mI (34) boot.esp32c6: SPI Mode       : DIO[0m
[0;32mI (38) boot.esp32c6: SPI Flash Size : 4MB[0m
[0;32mI (42) boot: Enabling RNG early entropy source...[0m
[0;32mI (46) boot: Partition Table:[0m
[0;32mI (49) boot: ## Label            Usage          Type ST Offset   Length[0m
[0;32mI (55) boot:  0 nvs              WiFi data        01 02 00009000 00006000[0m
[0;32mI (62) boot:  1 phy_init         RF data          01 01 0000f000 00001000[0m
[0;32mI (68) boot:  2 factory          factory app      00 00 00010000 00200000[0m
[0;32mI (75) boot:  3 coredump         Unknown data     01 03 00210000 00010000[0m
[0;32mI (81) boot:  4 littlefs         Unknown data     01 82 00220000 0007d000[0m
[0;32mI (88) boot: End of partition table[0m
[0;32mI (91) esp_image: segment 0: paddr=00010020 vaddr=42100020 size=2a854h (174164) map[0m
[0;32mI (163) esp_image: segment 1: paddr=0003a87c vaddr=40800000 size=0579ch ( 22428) load[0m
[0;32mI (174) esp_image: segment 2: paddr=00040020 vaddr=42000020 size=f74d0h (1012944) map[0m
[0;32mI (549) esp_image: segment 3: paddr=001374f8 vaddr=4080579c size=1b3dch (111580) load[0m
[0;32mI (612) boot: Loaded app from partition at offset 0x10000[0m
[0;32mI (612) boot: Disabling RNG early entropy source...[0m
[0;32mI (623) cpu_start: Unicore app[0m
[0;32mI (631) cpu_start: Pro cpu start user code[0m
[0;32mI (632) cpu_start: cpu freq: 160000000 Hz[0m
[0;32mI (632) app_init: Application information:[0m
[0;32mI (632) app_init: Project name:     esp32c6_microros_test[0m
[0;32mI (637) app_init: App version:      69ba50f-dirty[0m
[0;32mI (641) app_init: Compile time:     Apr 13 2026 13:22:00[0m
[0;32mI (646) app_init: ELF file SHA256:  f2fed574f...[0m
[0;32mI (650) app_init: ESP-IDF:          v5.5[0m
[0;32mI (654) efuse_init: Min chip rev:     v0.0[0m
[0;32mI (658) efuse_init: Max chip rev:     v0.99 [0m
[0;32mI (662) efuse_init: Chip rev:         v0.2[0m
[0;32mI (666) heap_init: Initializing. RAM available for dynamic allocation:[0m
[0;32mI (672) heap_init: At 4082B4E0 len 00051130 (324 KiB): RAM[0m
[0;32mI (677) heap_init: At 4087C610 len 00002F54 (11 KiB): RAM[0m
[0;32mI (682) heap_init: At 50000000 len 00003FE8 (15 KiB): RTCRAM[0m
[0;32mI (688) spi_flash: detected chip: generic[0m
[0;32mI (691) spi_flash: flash io: dio[0m
[0;33mW (694) spi_flash: Detected size(8192k) larger than the size in the binary image header(4096k). Using the size in the binary image header.[0m
[0;32mI (708) sleep_gpio: Configure to isolate all GPIO pins in sleep state[0m
[0;32mI (713) sleep_gpio: Enable automatic switching of GPIO sleep configuration[0m
[0;32mI (719) coexist: coex firmware version: 831ec70[0m
[0;32mI (738) coexist: coexist rom version 5b8dcfa[0m
[0;32mI (738) main_task: Started on CPU0[0m
[0;32mI (738) main_task: Calling app_main()[0m
Guru Meditation Error: Core  0 panic'ed (Stack protection fault). 

Detected in task "main" at 0x4200bae4
Stack pointer: 0x4082c2f0
Stack bounds: 0x4082d5c0 - 0x4082e5b0


Core  0 register dump:
MEPC    : 0x4200bae6  RA      : 0x420f6b24  SP      : 0x4082c2f0  GP      : 0x4081cba4  
TP      : 0x4082e5b0  T0      : 0xffffe000  T1      : 0x70000000  T2      : 0xffffffff  
S0/FP   : 0x42102000  S1      : 0x00000003  A0      : 0x00000026  A1      : 0x4082e198  
A2      : 0x00000000  A3      : 0x00000001  A4      : 0x00000000  A5      : 0x00000000  
A6      : 0x00000001  A7      : 0x0000000a  S2      : 0x00000000  S3      : 0x00000000  
S4      : 0x00000000  S5      : 0x00000000  S6      : 0x00000000  S7      : 0x00000000  
S8      : 0x00000000  S9      : 0x00000000  S10     : 0x00000000  S11     : 0x00000000  
T3      : 0x00000000  T4      : 0x00000000  T5      : 0x00000000  T6      : 0x00000000  
MSTATUS : 0x00001881  MTVEC   : 0x40800001  MCAUSE  : 0x0000001b  MTVAL   : 0x42103537  
MHARTID : 0x00000000  

add symbol table from file "/Users/jansampolramirez/mamri_build/Mamri_v6_PlatformIO/build/bootloader/bootloader.elf"
app_main () at /Users/jansampolramirez/mamri_build/Mamri_v6_PlatformIO/main/app_main.cpp:103
103	    printf("app_main started\n");
#0  app_main () at /Users/jansampolramirez/mamri_build/Mamri_v6_PlatformIO/main/app_main.cpp:103
#1  0x00000000 in ?? ()
Backtrace stopped: frame did not save the PC



ELF file SHA256: f2fed574f

Rebooting...
ESP-ROM:esp32c6-20220919
Build:Sep 19 2022
rst:0xc (SW_CPU),boot:0x6c (SPI_FAST_FLASH_BOOT)
Saved PC:0x4001975a
SPIWP:0xee
mode:DIO, clock div:2
load:0x40875730,len:0x1744
load:0x4086b910,len:0xfa8
load:0x4086e610,len:0x31a8
entry 0x4086b91a
[0;32mI (27) boot: ESP-IDF v5.5 2nd stage bootloader[0m
[0;32mI (27) boot: compile time Apr  5 2026 11:04:44[0m
[0;32mI (28) boot: chip revision: v0.2[0m
[0;32mI (29) boot: efuse block revision: v0.3[0m
[0;32mI (30) boot.esp32c6: SPI Speed      : 80MHz[0m
[0;32mI (34) boot.esp32c6: SPI Mode       : DIO[0m
[0;32mI (38) boot.esp32c6: SPI Flash Size : 4MB[0m
[0;32mI (42) boot: Enabling RNG early entropy source...[0m
[0;32mI (46) boot: Partition Table:[0m
[0;32mI (49) boot: ## Label            Usage          Type ST Offset   Length[0m
[0;32mI (55) boot:  0 nvs              WiFi data        01 02 00009000 00006000[0m
[0;32mI (62) boot:  1 phy_init         RF data          01 01 0000f000 00001000[0m
[0;32mI (68) boot:  2 factory          factory app      00 00 00010000 00200000[0m
[0;32mI (75) boot:  3 coredump         Unknown data     01 03 00210000 00010000[0m
[0;32mI (81) boot:  4 littlefs         Unknown data     01 82 00220000 0007d000[0m
I (88) boot: End of partition table
[0;32mI (91) esp_image: segment 0: paddr=00010020 vaddr=42100020 size=2a854h (174164) map[0m
[0;32mI (163) esp_image: segment 1: paddr=0003a87c vaddr=40800000 size=0579ch ( 22428) load[0m
[0;32mI (174) esp_image: segment 2: paddr=00040020 vaddr=42000020 size=f74d0h (1012944) map[0m
[0;32mI (549) esp_image: segment 3: paddr=001374f8 vaddr=4080579c size=1b3dch (111580) load[0m
[0;32mI (612) boot: Loaded app from partition at offset 0x10000[0m
[0;32mI (612) boot: Disabling RNG early entropy source...[0m
[0;32mI (623) cpu_start: Unicore app[0m
[0;32mI (631) cpu_start: Pro cpu start user code[0m
[0;32mI (632) cpu_start: cpu freq: 160000000 Hz[0m
[0;32mI (632) app_init: Application information:[0m
[0;32mI (632) app_init: Project name:     esp32c6_microros_test[0m
[0;32mI (637) app_init: App version:      69ba50f-dirty[0m
[0;32mI (641) app_init: Compile time:     Apr 13 2026 13:22:00[0m
[0;32mI (646) app_init: ELF file SHA256:  f2fed574f...[0m
[0;32mI (650) app_init: ESP-IDF:          v5.5[0m
[0;32mI (654) efuse_init: Min chip rev:     v0.0[0m
[0;32mI (658) efuse_init: Max chip rev:     v0.99 [0m
[0;32mI (662) efuse_init: Chip rev:         v0.2[0m
[0;32mI (666) heap_init: Initializing. RAM available for dynamic allocation:[0m
[0;32mI (672) heap_init: At 4082B4E0 len 00051130 (324 KiB): RAM[0m
[0;32mI (677) heap_init: At 4087C610 len 00002F54 (11 KiB): RAM[0m
[0;32mI (682) heap_init: At 50000000 len 00003FE8 (15 KiB): RTCRAM[0m
[0;32mI (688) spi_flash: detected chip: generic[0m
[0;32mI (691) spi_flash: flash io: dio[0m
[0;33mW (694) spi_flash: Detected size(8192k) larger than the size in the binary image header(4096k). Using the size in the binary image header.[0m
[0;32mI (708) sleep_gpio: Configure to isolate all GPIO pins in sleep state[0m
[0;32mI (713) sleep_gpio: Enable automatic switching of GPIO sleep configuration[0m
[0;32mI (719) coexist: coex firmware version: 831ec70[0m
[0;32mI (738) coexist: coexist rom version 5b8dcfa[0m
[0;32mI (738) main_task: Started on CPU0[0m
[0;32mI (738) main_task: Calling app_main()[0m
Guru Meditation Error: Core  0 panic'ed (Stack protection fault). 

Detected in task "main" at 0x4200bae4
Stack pointer: 0x4082c2f0
Stack bounds: 0x4082d5c0 - 0x4082e5b0


Core  0 register dump:
MEPC    : 0x4200bae6  RA      : 0x420f6b24  SP      : 0x4082c2f0  GP      : 0x4081cba4  
TP      : 0x4082e5b0  T0      : 0xffffe000  T1      : 0x70000000  T2      : 0xffffffff  
S0/FP   : 0x42102000  S1      : 0x00000003  A0      : 0x00000026  A1      : 0x4082e198  
A2      : 0x00000000  A3      : 0x00000001  A4      : 0x00000000  A5      : 0x00000000  
A6      : 0x00000001  A7      : 0x0000000a  S2      : 0x00000000  S3      : 0x00000000  
S4      : 0x00000000  S5      : 0x00000000  S6      : 0x00000000  S7      : 0x00000000  
S8      : 0x00000000  S9      : 0x00000000  S10     : 0x00000000  S11     : 0x00000000  
T3      : 0x00000000  T4      : 0x00000000  T5      : 0x00000000  T6      : 0x00000000  
MSTATUS : 0x00001881  MTVEC   : 0x40800001  MCAUSE  : 0x0000001b  MTVAL   : 0x42103537  
MHARTID : 0x00000000  

add symbol table from file "/Users/jansampolramirez/mamri_build/Mamri_v6_PlatformIO/build/bootloader/bootloader.elf"
app_main () at /Users/jansampolramirez/mamri_build/Mamri_v6_PlatformIO/main/app_main.cpp:103
103	    printf("app_main started\n");
#0  app_main () at /Users/jansampolramirez/mamri_build/Mamri_v6_PlatformIO/main/app_main.cpp:103
#1  0x00000000 in ?? ()
Backtrace stopped: frame did not save the PC



ELF file SHA256: f2fed574f

Rebooting...
ESP-ROM:esp32c6-20220919
Build:Sep 19 2022
rst:0xc (SW_CPU),boot:0x6c (SPI_FAST_FLASH_BOOT)
Saved PC:0x4001975a
SPIWP:0xee
mode:DIO, clock div:2
load:0x40875730,len:0x1744
load:0x4086b910,len:0xfa8
load:0x4086e610,len:0x31a8
entry 0x4086b91a
[0;32mI (27) boot: ESP-IDF v5.5 2nd stage bootloader[0m
[0;32mI (27) boot: compile time Apr  5 2026 11:04:44[0m
[0;32mI (28) boot: chip revision: v0.2[0m
[0;32mI (29) boot: efuse block revision: v0.3[0m
[0;32mI (30) boot.esp32c6: SPI Speed      : 80MHz[0m
[0;32mI (34) boot.esp32c6: SPI Mode       : DIO[0m
[0;32mI (38) boot.esp32c6: SPI Flash Size : 4MB[0m
[0;32mI (42) boot: Enabling RNG early entropy source...[0m
[0;32mI (46) boot: Partition Table:[0m
[0;32mI (49) boot: ## Label            Usage          Type ST Offset   Length[0m
[0;32mI (55) boot:  0 nvs              WiFi data        01 02 00009000 00006000[0m
[0;32mI (62) boot:  1 phy_init         RF data          01 01 0000f000 00001000[0m
[0;32mI (68) boot:  2 factory          factory app      00 00 00010000 00200000[0m
[0;32mI (75) boot:  3 coredump         Unknown data     01 03 00210000 00010000[0m
[0;32mI (81) boot:  4 littlefs         Unknown data     01 82 00220000 0007d000[0m
I (88) boot: End of partition table
[0;32mI (91) esp_image: segment 0: paddr=00010020 vaddr=42100020 size=2a854h (174164) map[0m
[0;32mI (163) esp_image: segment 1: paddr=0003a87c vaddr=40800000 size=0579ch ( 22428) load[0m
[0;32mI (174) esp_image: segment 2: paddr=00040020 vaddr=42000020 size=f74d0h (1012944) map[0m
[0;32mI (549) esp_image: segment 3: paddr=001374f8 vaddr=4080579c size=1b3dch (111580) load[0m
[0;32mI (612) boot: Loaded app from partition at offset 0x10000[0m
[0;32mI (612) boot: Disabling RNG early entropy source...[0m
[0;32mI (623) cpu_start: Unicore app[0m
[0;32mI (631) cpu_start: Pro cpu start user code[0m
[0;32mI (632) cpu_start: cpu freq: 160000000 Hz[0m
[0;32mI (632) app_init: Application information:[0m
[0;32mI (632) app_init: Project name:     esp32c6_microros_test[0m
[0;32mI (637) app_init: App version:      69ba50f-dirty[0m
[0;32mI (641) app_init: Compile time:     Apr 13 2026 13:22:00[0m
[0;32mI (646) app_init: ELF file SHA256:  f2fed574f...[0m
[0;32mI (650) app_init: ESP-IDF:          v5.5[0m
[0;32mI (654) efuse_init: Min chip rev:     v0.0[0m
[0;32mI (658) efuse_init: Max chip rev:     v0.99 [0m
[0;32mI (662) efuse_init: Chip rev:         v0.2[0m
[0;32mI (666) heap_init: Initializing. RAM available for dynamic allocation:[0m
[0;32mI (672) heap_init: At 4082B4E0 len 00051130 (324 KiB): RAM[0m
[0;32mI (677) heap_init: At 4087C610 len 00002F54 (11 KiB): RAM[0m
[0;32mI (682) heap_init: At 50000000 len 00003FE8 (15 KiB): RTCRAM[0m
[0;32mI (689) spi_flash: detected chip: generic[0m
[0;32mI (691) spi_flash: flash io: dio[0m
[0;33mW (694) spi_flash: Detected size(8192k) larger than the size in the binary image header(4096k). Using the size in the binary image header.[0m
[0;32mI (708) sleep_gpio: Configure to isolate all GPIO pins in sleep state[0m
[0;32mI (713) sleep_gpio: Enable automatic switching of GPIO sleep configuration[0m
[0;32mI (719) coexist: coex firmware version: 831ec70[0m
[0;32mI (738) coexist: coexist rom version 5b8dcfa[0m
[0;32mI (738) main_task: Started on CPU0[0m
[0;32mI (738) main_task: Calling app_main()[0m
Guru Meditation Error: Core  0 panic'ed (Stack protection fault). 

Detected in task "main" at 0x4200bae4
Stack pointer: 0x4082c2f0
Stack bounds: 0x4082d5c0 - 0x4082e5b0


Core  0 register dump:
MEPC    : 0x4200bae6  RA      : 0x420f6b24  SP      : 0x4082c2f0  GP      : 0x4081cba4  
TP      : 0x4082e5b0  T0      : 0xffffe000  T1      : 0x70000000  T2      : 0xffffffff  
S0/FP   : 0x42102000  S1      : 0x00000003  A0      : 0x00000026  A1      : 0x4082e198  
A2      : 0x00000000  A3      : 0x00000001  A4      : 0x00000000  A5      : 0x00000000  
A6      : 0x00000001  A7      : 0x0000000a  S2      : 0x00000000  S3      : 0x00000000  
S4      : 0x00000000  S5      : 0x00000000  S6      : 0x00000000  S7      : 0x00000000  
S8      : 0x00000000  S9      : 0x00000000  S10     : 0x00000000  S11     : 0x00000000  
T3      : 0x00000000  T4      : 0x00000000  T5      : 0x00000000  T6      : 0x00000000  
MSTATUS : 0x00001881  MTVEC   : 0x40800001  MCAUSE  : 0x0000001b  MTVAL   : 0x42103537  
MHARTID : 0x00000000  

add symbol table from file "/Users/jansampolramirez/mamri_build/Mamri_v6_PlatformIO/build/bootloader/bootloader.elf"
app_main () at /Users/jansampolramirez/mamri_build/Mamri_v6_PlatformIO/main/app_main.cpp:103
103	    printf("app_main started\n");
#0  app_main () at /Users/jansampolramirez/mamri_build/Mamri_v6_PlatformIO/main/app_main.cpp:103
#1  0x00000000 in ?? ()
Backtrace stopped: frame did not save the PC



ELF file SHA256: f2fed574f

Rebooting...
ESP-ROM:esp32c6-20220919
Build:Sep 19 2022
rst:0xc (SW_CPU),boot:0x6c (SPI_FAST_FLASH_BOOT)
Saved PC:0x4001975a
SPIWP:0xee
mode:DIO, clock div:2
load:0x40875730,len:0x1744
load:0x4086b910,len:0xfa8
load:0x4086e610,len:0x31a8
entry 0x4086b91a
[0;32mI (27) boot: ESP-IDF v5.5 2nd stage bootloader[0m
[0;32mI (27) boot: compile time Apr  5 2026 11:04:44[0m
[0;32mI (28) boot: chip revision: v0.2[0m
[0;32mI (29) boot: efuse block revision: v0.3[0m
[0;32mI (30) boot.esp32c6: SPI Speed      : 80MHz[0m
[0;32mI (34) boot.esp32c6: SPI Mode       : DIO[0m
[0;32mI (38) boot.esp32c6: SPI Flash Size : 4MB[0m
[0;32mI (42) boot: Enabling RNG early entropy source...[0m
[0;32mI (46) boot: Partition Table:[0m
[0;32mI (49) boot: ## Label            Usage          Type ST Offset   Length[0m
[0;32mI (55) boot:  0 nvs              WiFi data        01 02 00009000 00006000[0m
[0;32mI (62) boot:  1 phy_init         RF data          01 01 0000f000 00001000[0m
[0;32mI (68) boot:  2 factory          factory app      00 00 00010000 00200000[0m
[0;32mI (75) boot:  3 coredump         Unknown data     01 03 00210000 00010000[0m
[0;32mI (81) boot:  4 littlefs         Unknown data     01 82 00220000 0007d000[0m
[0;32mI (88) boot: End of partition table[0m
[0;32mI (91) esp_image: segment 0: paddr=00010020 vaddr=42100020 size=2a854h (174164) map[0m
[0;32mI (163) esp_image: segment 1: paddr=0003a87c vaddr=40800000 size=0579ch ( 22428) load[0m
[0;32mI (174) esp_image: segment 2: paddr=00040020 vaddr=42000020 size=f74d0h (1012944) map[0m
[0;32mI (549) esp_image: segment 3: paddr=001374f8 vaddr=4080579c size=1b3dch (111580) load[0m
[0;32mI (612) boot: Loaded app from partition at offset 0x10000[0m
[0;32mI (612) boot: Disabling RNG early entropy source...[0m
[0;32mI (623) cpu_start: Unicore app[0m
[0;32mI (631) cpu_start: Pro cpu start user code[0m
[0;32mI (632) cpu_start: cpu freq: 160000000 Hz[0m
[0;32mI (632) app_init: Application information:[0m
[0;32mI (632) app_init: Project name:     esp32c6_microros_test[0m
[0;32mI (637) app_init: App version:      69ba50f-dirty[0m
[0;32mI (641) app_init: Compile time:     Apr 13 2026 13:22:00[0m
[0;32mI (646) app_init: ELF file SHA256:  f2fed574f...[0m
[0;32mI (650) app_init: ESP-IDF:          v5.5[0m
[0;32mI (654) efuse_init: Min chip rev:     v0.0[0m
[0;32mI (658) efuse_init: Max chip rev:     v0.99 [0m
[0;32mI (662) efuse_init: Chip rev:         v0.2[0m
[0;32mI (666) heap_init: Initializing. RAM available for dynamic allocation:[0m
[0;32mI (672) heap_init: At 4082B4E0 len 00051130 (324 KiB): RAM[0m
[0;32mI (677) heap_init: At 4087C610 len 00002F54 (11 KiB): RAM[0m
[0;32mI (682) heap_init: At 50000000 len 00003FE8 (15 KiB): RTCRAM[0m
[0;32mI (688) spi_flash: detected chip: generic[0m
[0;32mI (691) spi_flash: flash io: dio[0m
[0;33mW (694) spi_flash: Detected size(8192k) larger than the size in the binary image header(4096k). Using the size in the binary image header.[0m
[0;32mI (708) sleep_gpio: Configure to isolate all GPIO pins in sleep state[0m
[0;32mI (713) sleep_gpio: Enable automatic switching of GPIO sleep configuration[0m
[0;32mI (719) coexist: coex firmware version: 831ec70[0m
[0;32mI (738) coexist: coexist rom version 5b8dcfa[0m
[0;32mI (738) main_task: Started on CPU0[0m
[0;32mI (738) main_task: Calling app_main()[0m
Guru Meditation Error: Core  0 panic'ed (Stack protection fault). 

Detected in task "main" at 0x4200bae4
Stack pointer: 0x4082c2f0
Stack bounds: 0x4082d5c0 - 0x4082e5b0


Core  0 register dump:
MEPC    : 0x4200bae6  RA      : 0x420f6b24  SP      : 0x4082c2f0  GP      : 0x4081cba4  
TP      : 0x4082e5b0  T0      : 0xffffe000  T1      : 0x70000000  T2      : 0xffffffff  
S0/FP   : 0x42102000  S1      : 0x00000003  A0      : 0x00000026  A1      : 0x4082e198  
A2      : 0x00000000  A3      : 0x00000001  A4      : 0x00000000  A5      : 0x00000000  
A6      : 0x00000001  A7      : 0x0000000a  S2      : 0x00000000  S3      : 0x00000000  
S4      : 0x00000000  S5      : 0x00000000  S6      : 0x00000000  S7      : 0x00000000  
S8      : 0x00000000  S9      : 0x00000000  S10     : 0x00000000  S11     : 0x00000000  
T3      : 0x00000000  T4      : 0x00000000  T5      : 0x00000000  T6      : 0x00000000  
MSTATUS : 0x00001881  MTVEC   : 0x40800001  MCAUSE  : 0x0000001b  MTVAL   : 0x42103537  
MHARTID : 0x00000000  

add symbol table from file "/Users/jansampolramirez/mamri_build/Mamri_v6_PlatformIO/build/bootloader/bootloader.elf"
app_main () at /Users/jansampolramirez/mamri_build/Mamri_v6_PlatformIO/main/app_main.cpp:103
103	    printf("app_main started\n");
#0  app_main () at /Users/jansampolramirez/mamri_build/Mamri_v6_PlatformIO/main/app_main.cpp:103
#1  0x00000000 in ?? ()
Backtrace stopped: frame did not save the PC



ELF file SHA256: f2fed574f

Rebooting...
ESP-ROM:esp32c6-20220919
Build:Sep 19 2022
rst:0xc (SW_CPU),boot:0x6c (SPI_FAST_FLASH_BOOT)
Saved PC:0x4001975a
SPIWP:0xee
mode:DIO, clock div:2
load:0x40875730,len:0x1744
load:0x4086b910,len:0xfa8
load:0x4086e610,len:0x31a8
entry 0x4086b91a
[0;32mI (27) boot: ESP-IDF v5.5 2nd stage bootloader[0m
[0;32mI (27) boot: compile time Apr  5 2026 11:04:44[0m
[0;32mI (28) boot: chip revision: v0.2[0m
[0;32mI (29) boot: efuse block revision: v0.3[0m
[0;32mI (30) boot.esp32c6: SPI Speed      : 80MHz[0m
[0;32mI (34) boot.esp32c6: SPI Mode       : DIO[0m
[0;32mI (38) boot.esp32c6: SPI Flash Size : 4MB[0m
[0;32mI (42) boot: Enabling RNG early entropy source...[0m
[0;32mI (46) boot: Partition Table:[0m
[0;32mI (49) boot: ## Label            Usage          Type ST Offset   Length[0m
[0;32mI (55) boot:  0 nvs              WiFi data        01 02 00009000 00006000[0m
[0;32mI (62) boot:  1 phy_init         RF data          01 01 0000f000 00001000[0m
[0;32mI (68) boot:  2 factory          factory app      00 00 00010000 00200000[0m
[0;32mI (75) boot:  3 coredump         Unknown data     01 03 00210000 00010000[0m
[0;32mI (81) boot:  4 littlefs         Unknown data     01 82 00220000 0007d000[0m
I (88) boot: End of partition table
[0;32mI (91) esp_image: segment 0: paddr=00010020 vaddr=42100020 size=2a854h (174164) map[0m
[0;32mI (163) esp_image: segment 1: paddr=0003a87c vaddr=40800000 size=0579ch ( 22428) load[0m
[0;32mI (174) esp_image: segment 2: paddr=00040020 vaddr=42000020 size=f74d0h (1012944) map[0m
[0;32mI (549) esp_image: segment 3: paddr=001374f8 vaddr=4080579c size=1b3dch (111580) load[0m
[0;32mI (612) boot: Loaded app from partition at offset 0x10000[0m
[0;32mI (612) boot: Disabling RNG early entropy source...[0m
[0;32mI (622) cpu_start: Unicore app[0m
[0;32mI (631) cpu_start: Pro cpu start user code[0m
[0;32mI (631) cpu_start: cpu freq: 160000000 Hz[0m
[0;32mI (632) app_init: Application information:[0m
[0;32mI (632) app_init: Project name:     esp32c6_microros_test[0m
[0;32mI (637) app_init: App version:      69ba50f-dirty[0m
[0;32mI (641) app_init: Compile time:     Apr 13 2026 13:22:00[0m
[0;32mI (646) app_init: ELF file SHA256:  f2fed574f...[0m
[0;32mI (650) app_init: ESP-IDF:          v5.5[0m
[0;32mI (654) efuse_init: Min chip rev:     v0.0[0m
[0;32mI (658) efuse_init: Max chip rev:     v0.99 [0m
[0;32mI (662) efuse_init: Chip rev:         v0.2[0m
[0;32mI (666) heap_init: Initializing. RAM available for dynamic allocation:[0m
[0;32mI (672) heap_init: At 4082B4E0 len 00051130 (324 KiB): RAM[0m
[0;32mI (677) heap_init: At 4087C610 len 00002F54 (11 KiB): RAM[0m
[0;32mI (682) heap_init: At 50000000 len 00003FE8 (15 KiB): RTCRAM[0m
[0;32mI (688) spi_flash: detected chip: generic[0m
[0;32mI (691) spi_flash: flash io: dio[0m
[0;33mW (694) spi_flash: Detected size(8192k) larger than the size in the binary image header(4096k). Using the size in the binary image header.[0m
[0;32mI (708) sleep_gpio: Configure to isolate all GPIO pins in sleep state[0m
[0;32mI (713) sleep_gpio: Enable automatic switching of GPIO sleep configuration[0m
[0;32mI (719) coexist: coex firmware version: 831ec70[0m
[0;32mI (738) coexist: coexist rom version 5b8dcfa[0m
[0;32mI (738) main_task: Started on CPU0[0m
[0;32mI (738) main_task: Calling app_main()[0m
Guru Meditation Error: Core  0 panic'ed (Stack protection fault). 

Detected in task "main" at 0x4200bae4
Stack pointer: 0x4082c2f0
Stack bounds: 0x4082d5c0 - 0x4082e5b0


Core  0 register dump:
MEPC    : 0x4200bae6  RA      : 0x420f6b24  SP      : 0x4082c2f0  GP      : 0x4081cba4  
TP      : 0x4082e5b0  T0      : 0xffffe000  T1      : 0x70000000  T2      : 0xffffffff  
S0/FP   : 0x42102000  S1      : 0x00000003  A0      : 0x00000026  A1      : 0x4082e198  
A2      : 0x00000000  A3      : 0x00000001  A4      : 0x00000000  A5      : 0x00000000  
A6      : 0x00000001  A7      : 0x0000000a  S2      : 0x00000000  S3      : 0x00000000  
S4      : 0x00000000  S5      : 0x00000000  S6      : 0x00000000  S7      : 0x00000000  
S8      : 0x00000000  S9      : 0x00000000  S10     : 0x00000000  S11     : 0x00000000  
T3      : 0x00000000  T4      : 0x00000000  T5      : 0x00000000  T6      : 0x00000000  
MSTATUS : 0x00001881  MTVEC   : 0x40800001  MCAUSE  : 0x0000001b  MTVAL   : 0x42103537  
MHARTID : 0x00000000  

add symbol table from file "/Users/jansampolramirez/mamri_build/Mamri_v6_PlatformIO/build/bootloader/bootloader.elf"
app_main () at /Users/jansampolramirez/mamri_build/Mamri_v6_PlatformIO/main/app_main.cpp:103
103	    printf("app_main started\n");
#0  app_main () at /Users/jansampolramirez/mamri_build/Mamri_v6_PlatformIO/main/app_main.cpp:103
#1  0x00000000 in ?? ()
Backtrace stopped: frame did not save the PC



ELF file SHA256: f2fed574f

Rebooting...
ESP-ROM:esp32c6-20220919
Build:Sep 19 2022
rst:0xc (SW_CPU),boot:0x6c (SPI_FAST_FLASH_BOOT)
Saved PC:0x4001975a
SPIWP:0xee
mode:DIO, clock div:2
load:0x40875730,len:0x1744
load:0x4086b910,len:0xfa8
load:0x4086e610,len:0x31a8
entry 0x4086b91a
[0;32mI (27) boot: ESP-IDF v5.5 2nd stage bootloader[0m
[0;32mI (27) boot: compile time Apr  5 2026 11:04:44[0m
[0;32mI (28) boot: chip revision: v0.2[0m
[0;32mI (29) boot: efuse block revision: v0.3[0m
[0;32mI (30) boot.esp32c6: SPI Speed      : 80MHz[0m
[0;32mI (34) boot.esp32c6: SPI Mode       : DIO[0m
[0;32mI (38) boot.esp32c6: SPI Flash Size : 4MB[0m
[0;32mI (42) boot: Enabling RNG early entropy source...[0m
[0;32mI (46) boot: Partition Table:[0m
[0;32mI (49) boot: ## Label            Usage          Type ST Offset   Length[0m
[0;32mI (55) boot:  0 nvs              WiFi data        01 02 00009000 00006000[0m
[0;32mI (62) boot:  1 phy_init         RF data          01 01 0000f000 00001000[0m
[0;32mI (68) boot:  2 factory          factory app      00 00 00010000 00200000[0m
[0;32mI (75) boot:  3 coredump         Unknown data     01 03 00210000 00010000[0m
[0;32mI (81) boot:  4 littlefs         Unknown data     01 82 00220000 0007d000[0m
[0;32mI (88) boot: End of partition table[0m
[0;32mI (91) esp_image: segment 0: paddr=00010020 vaddr=42100020 size=2a854h (174164) map[0m
[0;32mI (163) esp_image: segment 1: paddr=0003a87c vaddr=40800000 size=0579ch ( 22428) load[0m
[0;32mI (174) esp_image: segment 2: paddr=00040020 vaddr=42000020 size=f74d0h (1012944) map[0m
[0;32mI (549) esp_image: segment 3: paddr=001374f8 vaddr=4080579c size=1b3dch (111580) load[0m
[0;32mI (612) boot: Loaded app from partition at offset 0x10000[0m
[0;32mI (612) boot: Disabling RNG early entropy source...[0m
[0;32mI (623) cpu_start: Unicore app[0m
[0;32mI (631) cpu_start: Pro cpu start user code[0m
[0;32mI (632) cpu_start: cpu freq: 160000000 Hz[0m
[0;32mI (632) app_init: Application information:[0m
[0;32mI (632) app_init: Project name:     esp32c6_microros_test[0m
[0;32mI (637) app_init: App version:      69ba50f-dirty[0m
[0;32mI (641) app_init: Compile time:     Apr 13 2026 13:22:00[0m
[0;32mI (646) app_init: ELF file SHA256:  f2fed574f...[0m
[0;32mI (650) app_init: ESP-IDF:          v5.5[0m
[0;32mI (654) efuse_init: Min chip rev:     v0.0[0m
[0;32mI (658) efuse_init: Max chip rev:     v0.99 [0m
[0;32mI (662) efuse_init: Chip rev:         v0.2[0m
[0;32mI (666) heap_init: Initializing. RAM available for dynamic allocation:[0m
[0;32mI (672) heap_init: At 4082B4E0 len 00051130 (324 KiB): RAM[0m
[0;32mI (677) heap_init: At 4087C610 len 00002F54 (11 KiB): RAM[0m
[0;32mI (682) heap_init: At 50000000 len 00003FE8 (15 KiB): RTCRAM[0m
[0;32mI (689) spi_flash: detected chip: generic[0m
[0;32mI (691) spi_flash: flash io: dio[0m
[0;33mW (694) spi_flash: Detected size(8192k) larger than the size in the binary image header(4096k). Using the size in the binary image header.[0m
[0;32mI (708) sleep_gpio: Configure to isolate all GPIO pins in sleep state[0m
[0;32mI (713) sleep_gpio: Enable automatic switching of GPIO sleep configuration[0m
[0;32mI (719) coexist: coex firmware version: 831ec70[0m
[0;32mI (738) coexist: coexist rom version 5b8dcfa[0m
[0;32mI (738) main_task: Started on CPU0[0m
[0;32mI (738) main_task: Calling app_main()[0m
Guru Meditation Error: Core  0 panic'ed (Stack protection fault). 

Detected in task "main" at 0x4200bae4
Stack pointer: 0x4082c2f0
Stack bounds: 0x4082d5c0 - 0x4082e5b0


Core  0 register dump:
MEPC    : 0x4200bae6  RA      : 0x420f6b24  SP      : 0x4082c2f0  GP      : 0x4081cba4  
TP      : 0x4082e5b0  T0      : 0xffffe000  T1      : 0x70000000  T2      : 0xffffffff  
S0/FP   : 0x42102000  S1      : 0x00000003  A0      : 0x00000026  A1      : 0x4082e198  
A2      : 0x00000000  A3      : 0x00000001  A4      : 0x00000000  A5      : 0x00000000  
A6      : 0x00000001  A7      : 0x0000000a  S2      : 0x00000000  S3      : 0x00000000  
S4      : 0x00000000  S5      : 0x00000000  S6      : 0x00000000  S7      : 0x00000000  
S8      : 0x00000000  S9      : 0x00000000  S10     : 0x00000000  S11     : 0x00000000  
T3      : 0x00000000  T4      : 0x00000000  T5      : 0x00000000  T6      : 0x00000000  
MSTATUS : 0x00001881  MTVEC   : 0x40800001  MCAUSE  : 0x0000001b  MTVAL   : 0x42103537  
MHARTID : 0x00000000  

add symbol table from file "/Users/jansampolramirez/mamri_build/Mamri_v6_PlatformIO/build/bootloader/bootloader.elf"
app_main () at /Users/jansampolramirez/mamri_build/Mamri_v6_PlatformIO/main/app_main.cpp:103
103	    printf("app_main started\n");
#0  app_main () at /Users/jansampolramirez/mamri_build/Mamri_v6_PlatformIO/main/app_main.cpp:103
#1  0x00000000 in ?? ()
Backtrace stopped: frame did not save the PC



ELF file SHA256: f2fed574f

Rebooting...
ESP-ROM:esp32c6-20220919
Build:Sep 19 2022
rst:0xc (SW_CPU),boot:0x6c (SPI_FAST_FLASH_BOOT)
Saved PC:0x4001975a
SPIWP:0xee
mode:DIO, clock div:2
load:0x40875730,len:0x1744
load:0x4086b910,len:0xfa8
load:0x4086e610,len:0x31a8
entry 0x4086b91a
[0;32mI (27) boot: ESP-IDF v5.5 2nd stage bootloader[0m
[0;32mI (27) boot: compile time Apr  5 2026 11:04:44[0m
[0;32mI (28) boot: chip revision: v0.2[0m
[0;32mI (29) boot: efuse block revision: v0.3[0m
[0;32mI (30) boot.esp32c6: SPI Speed      : 80MHz[0m
[0;32mI (34) boot.esp32c6: SPI Mode       : DIO[0m
[0;32mI (38) boot.esp32c6: SPI Flash Size : 4MB[0m
[0;32mI (42) boot: Enabling RNG early entropy source...[0m
[0;32mI (46) boot: Partition Table:[0m
[0;32mI (49) boot: ## Label            Usage          Type ST Offset   Length[0m
[0;32mI (55) boot:  0 nvs              WiFi data        01 02 00009000 00006000[0m
[0;32mI (62) boot:  1 phy_init         RF data          01 01 0000f000 00001000[0m
[0;32mI (68) boot:  2 factory          factory app      00 00 00010000 00200000[0m
[0;32mI (75) boot:  3 coredump         Unknown data     01 03 00210000 00010000[0m
[0;32mI (81) boot:  4 littlefs         Unknown data     01 82 00220000 0007d000[0m
I (88) boot: End of partition table
[0;32mI (91) esp_image: segment 0: paddr=00010020 vaddr=42100020 size=2a854h (174164) map[0m
[0;32mI (163) esp_image: segment 1: paddr=0003a87c vaddr=40800000 size=0579ch ( 22428) load[0m
[0;32mI (174) esp_image: segment 2: paddr=00040020 vaddr=42000020 size=f74d0h (1012944) map[0m
[0;32mI (549) esp_image: segment 3: paddr=001374f8 vaddr=4080579c size=1b3dch (111580) load[0m
[0;32mI (612) boot: Loaded app from partition at offset 0x10000[0m
[0;32mI (612) boot: Disabling RNG early entropy source...[0m
[0;32mI (622) cpu_start: Unicore app[0m
[0;32mI (631) cpu_start: Pro cpu start user code[0m
[0;32mI (631) cpu_start: cpu freq: 160000000 Hz[0m
[0;32mI (632) app_init: Application information:[0m
[0;32mI (632) app_init: Project name:     esp32c6_microros_test[0m
[0;32mI (637) app_init: App version:      69ba50f-dirty[0m
[0;32mI (641) app_init: Compile time:     Apr 13 2026 13:22:00[0m
[0;32mI (646) app_init: ELF file SHA256:  f2fed574f...[0m
[0;32mI (650) app_init: ESP-IDF:          v5.5[0m
[0;32mI (654) efuse_init: Min chip rev:     v0.0[0m
[0;32mI (658) efuse_init: Max chip rev:     v0.99 [0m
[0;32mI (662) efuse_init: Chip rev:         v0.2[0m
[0;32mI (666) heap_init: Initializing. RAM available for dynamic allocation:[0m
[0;32mI (672) heap_init: At 4082B4E0 len 00051130 (324 KiB): RAM[0m
[0;32mI (677) heap_init: At 4087C610 len 00002F54 (11 KiB): RAM[0m
[0;32mI (682) heap_init: At 50000000 len 00003FE8 (15 KiB): RTCRAM[0m
[0;32mI (688) spi_flash: detected chip: generic[0m
[0;32mI (691) spi_flash: flash io: dio[0m
[0;33mW (694) spi_flash: Detected size(8192k) larger than the size in the binary image header(4096k). Using the size in the binary image header.[0m
[0;32mI (708) sleep_gpio: Configure to isolate all GPIO pins in sleep state[0m
[0;32mI (713) sleep_gpio: Enable automatic switching of GPIO sleep configuration[0m
[0;32mI (719) coexist: coex firmware version: 831ec70[0m
[0;32mI (738) coexist: coexist rom version 5b8dcfa[0m
[0;32mI (738) main_task: Started on CPU0[0m
[0;32mI (738) main_task: Calling app_main()[0m
Guru Meditation Error: Core  0 panic'ed (Stack protection fault). 

Detected in task "main" at 0x4200bae4
Stack pointer: 0x4082c2f0
Stack bounds: 0x4082d5c0 - 0x4082e5b0


Core  0 register dump:
MEPC    : 0x4200bae6  RA      : 0x420f6b24  SP      : 0x4082c2f0  GP      : 0x4081cba4  
TP      : 0x4082e5b0  T0      : 0xffffe000  T1      : 0x70000000  T2      : 0xffffffff  
S0/FP   : 0x42102000  S1      : 0x00000003  A0      : 0x00000026  A1      : 0x4082e198  
A2      : 0x00000000  A3      : 0x00000001  A4      : 0x00000000  A5      : 0x00000000  
A6      : 0x00000001  A7      : 0x0000000a  S2      : 0x00000000  S3      : 0x00000000  
S4      : 0x00000000  S5      : 0x00000000  S6      : 0x00000000  S7      : 0x00000000  
S8      : 0x00000000  S9      : 0x00000000  S10     : 0x00000000  S11     : 0x00000000  
T3      : 0x00000000  T4      : 0x00000000  T5      : 0x00000000  T6      : 0x00000000  
MSTATUS : 0x00001881  MTVEC   : 0x40800001  MCAUSE  : 0x0000001b  MTVAL   : 0x42103537  
MHARTID : 0x00000000  

add symbol table from file "/Users/jansampolramirez/mamri_build/Mamri_v6_PlatformIO/build/bootloader/bootloader.elf"
app_main () at /Users/jansampolramirez/mamri_build/Mamri_v6_PlatformIO/main/app_main.cpp:103
103	    printf("app_main started\n");
#0  app_main () at /Users/jansampolramirez/mamri_build/Mamri_v6_PlatformIO/main/app_main.cpp:103
#1  0x00000000 in ?? ()
Backtrace stopped: frame did not save the PC



ELF file SHA256: f2fed574f

Rebooting...
ESP-ROM:esp32c6-20220919
Build:Sep 19 2022
rst:0xc (SW_CPU),boot:0x6c (SPI_FAST_FLASH_BOOT)
Saved PC:0x4001975a
SPIWP:0xee
mode:DIO, clock div:2
load:0x40875730,len:0x1744
load:0x4086b910,len:0xfa8
load:0x4086e610,len:0x31a8
entry 0x4086b91a
[0;32mI (27) boot: ESP-IDF v5.5 2nd stage bootloader[0m
[0;32mI (27) boot: compile time Apr  5 2026 11:04:44[0m
[0;32mI (28) boot: chip revision: v0.2[0m
[0;32mI (29) boot: efuse block revision: v0.3[0m
[0;32mI (30) boot.esp32c6: SPI Speed      : 80MHz[0m
[0;32mI (34) boot.esp32c6: SPI Mode       : DIO[0m
[0;32mI (38) boot.esp32c6: SPI Flash Size : 4MB[0m
[0;32mI (42) boot: Enabling RNG early entropy source...[0m
[0;32mI (46) boot: Partition Table:[0m
[0;32mI (49) boot: ## Label            Usage          Type ST Offset   Length[0m
[0;32mI (55) boot:  0 nvs              WiFi data        01 02 00009000 00006000[0m
[0;32mI (62) boot:  1 phy_init         RF data          01 01 0000f000 00001000[0m
[0;32mI (68) boot:  2 factory          factory app      00 00 00010000 00200000[0m
[0;32mI (75) boot:  3 coredump         Unknown data     01 03 00210000 00010000[0m
[0;32mI (81) boot:  4 littlefs         Unknown data     01 82 00220000 0007d000[0m
[0;32mI (88) boot: End of partition table[0m
[0;32mI (91) esp_image: segment 0: paddr=00010020 vaddr=42100020 size=2a854h (174164) map[0m
[0;32mI (163) esp_image: segment 1: paddr=0003a87c vaddr=40800000 size=0579ch ( 22428) load[0m
[0;32mI (174) esp_image: segment 2: paddr=00040020 vaddr=42000020 size=f74d0h (1012944) map[0m
[0;32mI (549) esp_image: segment 3: paddr=001374f8 vaddr=4080579c size=1b3dch (111580) load[0m
[0;32mI (612) boot: Loaded app from partition at offset 0x10000[0m
[0;32mI (612) boot: Disabling RNG early entropy source...[0m
[0;32mI (623) cpu_start: Unicore app[0m
[0;32mI (631) cpu_start: Pro cpu start user code[0m
[0;32mI (632) cpu_start: cpu freq: 160000000 Hz[0m
[0;32mI (632) app_init: Application information:[0m
[0;32mI (632) app_init: Project name:     esp32c6_microros_test[0m
[0;32mI (637) app_init: App version:      69ba50f-dirty[0m
[0;32mI (641) app_init: Compile time:     Apr 13 2026 13:22:00[0m
[0;32mI (646) app_init: ELF file SHA256:  f2fed574f...[0m
[0;32mI (650) app_init: ESP-IDF:          v5.5[0m
[0;32mI (654) efuse_init: Min chip rev:     v0.0[0m
[0;32mI (658) efuse_init: Max chip rev:     v0.99 [0m
[0;32mI (662) efuse_init: Chip rev:         v0.2[0m
[0;32mI (666) heap_init: Initializing. RAM available for dynamic allocation:[0m
[0;32mI (672) heap_init: At 4082B4E0 len 00051130 (324 KiB): RAM[0m
[0;32mI (677) heap_init: At 4087C610 len 00002F54 (11 KiB): RAM[0m
[0;32mI (682) heap_init: At 50000000 len 00003FE8 (15 KiB): RTCRAM[0m
[0;32mI (688) spi_flash: detected chip: generic[0m
[0;32mI (691) spi_flash: flash io: dio[0m
[0;33mW (694) spi_flash: Detected size(8192k) larger than the size in the binary image header(4096k). Using the size in the binary image header.[0m
[0;32mI (708) sleep_gpio: Configure to isolate all GPIO pins in sleep state[0m
[0;32mI (713) sleep_gpio: Enable automatic switching of GPIO sleep configuration[0m
[0;32mI (719) coexist: coex firmware version: 831ec70[0m
[0;32mI (738) coexist: coexist rom version 5b8dcfa[0m
[0;32mI (738) main_task: Started on CPU0[0m
[0;32mI (738) main_task: Calling app_main()[0m
Guru Meditation Error: Core  0 panic'ed (Stack protection fault). 

Detected in task "main" at 0x4200bae4
Stack pointer: 0x4082c2f0
Stack bounds: 0x4082d5c0 - 0x4082e5b0


Core  0 register dump:
MEPC    : 0x4200bae6  RA      : 0x420f6b24  SP      : 0x4082c2f0  GP      : 0x4081cba4  
TP      : 0x4082e5b0  T0      : 0xffffe000  T1      : 0x70000000  T2      : 0xffffffff  
S0/FP   : 0x42102000  S1      : 0x00000003  A0      : 0x00000026  A1      : 0x4082e198  
A2      : 0x00000000  A3      : 0x00000001  A4      : 0x00000000  A5      : 0x00000000  
A6      : 0x00000001  A7      : 0x0000000a  S2      : 0x00000000  S3      : 0x00000000  
S4      : 0x00000000  S5      : 0x00000000  S6      : 0x00000000  S7      : 0x00000000  
S8      : 0x00000000  S9      : 0x00000000  S10     : 0x00000000  S11     : 0x00000000  
T3      : 0x00000000  T4      : 0x00000000  T5      : 0x00000000  T6      : 0x00000000  
MSTATUS : 0x00001881  MTVEC   : 0x40800001  MCAUSE  : 0x0000001b  MTVAL   : 0x42103537  
MHARTID : 0x00000000  

add symbol table from file "/Users/jansampolramirez/mamri_build/Mamri_v6_PlatformIO/build/bootloader/bootloader.elf"
app_main () at /Users/jansampolramirez/mamri_build/Mamri_v6_PlatformIO/main/app_main.cpp:103
103	    printf("app_main started\n");
#0  app_main () at /Users/jansampolramirez/mamri_build/Mamri_v6_PlatformIO/main/app_main.cpp:103
#1  0x00000000 in ?? ()
Backtrace stopped: frame did not save the PC



ELF file SHA256: f2fed574f

Rebooting...
ESP-ROM:esp32c6-20220919
Build:Sep 19 2022
rst:0xc (SW_CPU),boot:0x6c (SPI_FAST_FLASH_BOOT)
Saved PC:0x4001975a
SPIWP:0xee
mode:DIO, clock div:2
load:0x40875730,len:0x1744
load:0x4086b910,len:0xfa8
load:0x4086e610,len:0x31a8
entry 0x4086b91a
[0;32mI (27) boot: ESP-IDF v5.5 2nd stage bootloader[0m
[0;32mI (27) boot: compile time Apr  5 2026 11:04:44[0m
[0;32mI (28) boot: chip revision: v0.2[0m
[0;32mI (29) boot: efuse block revision: v0.3[0m
[0;32mI (30) boot.esp32c6: SPI Speed      : 80MHz[0m
[0;32mI (34) boot.esp32c6: SPI Mode       : DIO[0m
[0;32mI (38) boot.esp32c6: SPI Flash Size : 4MB[0m
[0;32mI (42) boot: Enabling RNG early entropy source...[0m
[0;32mI (46) boot: Partition Table:[0m
[0;32mI (49) boot: ## Label            Usage          Type ST Offset   Length[0m
[0;32mI (55) boot:  0 nvs              WiFi data        01 02 00009000 00006000[0m
[0;32mI (62) boot:  1 phy_init         RF data          01 01 0000f000 00001000[0m
[0;32mI (68) boot:  2 factory          factory app      00 00 00010000 00200000[0m
[0;32mI (75) boot:  3 coredump         Unknown data     01 03 00210000 00010000[0m
[0;32mI (81) boot:  4 littlefs         Unknown data     01 82 00220000 0007d000[0m
I (88) boot: End of partition table
[0;32mI (91) esp_image: segment 0: paddr=00010020 vaddr=42100020 size=2a854h (174164) map[0m
[0;32mI (163) esp_image: segment 1: paddr=0003a87c vaddr=40800000 size=0579ch ( 22428) load[0m
[0;32mI (174) esp_image: segment 2: paddr=00040020 vaddr=42000020 size=f74d0h (1012944) map[0m
[0;32mI (549) esp_image: segment 3: paddr=001374f8 vaddr=4080579c size=1b3dch (111580) load[0m
[0;32mI (612) boot: Loaded app from partition at offset 0x10000[0m
[0;32mI (612) boot: Disabling RNG early entropy source...[0m
[0;32mI (623) cpu_start: Unicore app[0m
[0;32mI (631) cpu_start: Pro cpu start user code[0m
[0;32mI (632) cpu_start: cpu freq: 160000000 Hz[0m
[0;32mI (632) app_init: Application information:[0m
[0;32mI (632) app_init: Project name:     esp32c6_microros_test[0m
[0;32mI (637) app_init: App version:      69ba50f-dirty[0m
[0;32mI (641) app_init: Compile time:     Apr 13 2026 13:22:00[0m
[0;32mI (646) app_init: ELF file SHA256:  f2fed574f...[0m
[0;32mI (650) app_init: ESP-IDF:          v5.5[0m
[0;32mI (654) efuse_init: Min chip rev:     v0.0[0m
[0;32mI (658) efuse_init: Max chip rev:     v0.99 [0m
[0;32mI (662) efuse_init: Chip rev:         v0.2[0m
[0;32mI (666) heap_init: Initializing. RAM available for dynamic allocation:[0m
[0;32mI (672) heap_init: At 4082B4E0 len 00051130 (324 KiB): RAM[0m
[0;32mI (677) heap_init: At 4087C610 len 00002F54 (11 KiB): RAM[0m
[0;32mI (682) heap_init: At 50000000 len 00003FE8 (15 KiB): RTCRAM[0m
[0;32mI (688) spi_flash: detected chip: generic[0m
[0;32mI (691) spi_flash: flash io: dio[0m
[0;33mW (694) spi_flash: Detected size(8192k) larger than the size in the binary image header(4096k). Using the size in the binary image header.[0m
[0;32mI (708) sleep_gpio: Configure to isolate all GPIO pins in sleep state[0m
[0;32mI (713) sleep_gpio: Enable automatic switching of GPIO sleep configuration[0m
[0;32mI (719) coexist: coex firmware version: 831ec70[0m
[0;32mI (738) coexist: coexist rom version 5b8dcfa[0m
[0;32mI (738) main_task: Started on CPU0[0m
[0;32mI (738) main_task: Calling app_main()[0m
Guru Meditation Error: Core  0 panic'ed (Stack protection fault). 

Detected in task "main" at 0x4200bae4
Stack pointer: 0x4082c2f0
Stack bounds: 0x4082d5c0 - 0x4082e5b0


Core  0 register dump:
MEPC    : 0x4200bae6  RA      : 0x420f6b24  SP      : 0x4082c2f0  GP      : 0x4081cba4  
TP      : 0x4082e5b0  T0      : 0xffffe000  T1      : 0x70000000  T2      : 0xffffffff  
S0/FP   : 0x42102000  S1      : 0x00000003  A0      : 0x00000026  A1      : 0x4082e198  
A2      : 0x00000000  A3      : 0x00000001  A4      : 0x00000000  A5      : 0x00000000  
A6      : 0x00000001  A7      : 0x0000000a  S2      : 0x00000000  S3      : 0x00000000  
S4      : 0x00000000  S5      : 0x00000000  S6      : 0x00000000  S7      : 0x00000000  
S8      : 0x00000000  S9      : 0x00000000  S10     : 0x00000000  S11     : 0x00000000  
T3      : 0x00000000  T4      : 0x00000000  T5      : 0x00000000  T6      : 0x00000000  
MSTATUS : 0x00001881  MTVEC   : 0x40800001  MCAUSE  : 0x0000001b  MTVAL   : 0x42103537  
MHARTID : 0x00000000  

add symbol table from file "/Users/jansampolramirez/mamri_build/Mamri_v6_PlatformIO/build/bootloader/bootloader.elf"
app_main () at /Users/jansampolramirez/mamri_build/Mamri_v6_PlatformIO/main/app_main.cpp:103
103	    printf("app_main started\n");
#0  app_main () at /Users/jansampolramirez/mamri_build/Mamri_v6_PlatformIO/main/app_main.cpp:103
#1  0x00000000 in ?? ()
Backtrace stopped: frame did not save the PC



ELF file SHA256: f2fed574f

Rebooting...
ESP-ROM:esp32c6-20220919
Build:Sep 19 2022
rst:0xc (SW_CPU),boot:0x6c (SPI_FAST_FLASH_BOOT)
Saved PC:0x4001975a
SPIWP:0xee
mode:DIO, clock div:2
load:0x40875730,len:0x1744
load:0x4086b910,len:0xfa8
load:0x4086e610,len:0x31a8
entry 0x4086b91a
[0;32mI (27) boot: ESP-IDF v5.5 2nd stage bootloader[0m
[0;32mI (27) boot: compile time Apr  5 2026 11:04:44[0m
[0;32mI (28) boot: chip revision: v0.2[0m
[0;32mI (29) boot: efuse block revision: v0.3[0m
